Archive member included to satisfy reference by file (symbol)

app/libapp.a(main.c.obj)      (--whole-archive)
zephyr/libzephyr.a(heap.c.obj)
                              (--whole-archive)
zephyr/libzephyr.a(cbprintf_packaged.c.obj)
                              (--whole-archive)
zephyr/libzephyr.a(printk.c.obj)
                              (--whole-archive)
zephyr/libzephyr.a(sem.c.obj)
                              (--whole-archive)
zephyr/libzephyr.a(thread_entry.c.obj)
                              (--whole-archive)
zephyr/libzephyr.a(cbprintf_complete.c.obj)
                              (--whole-archive)
zephyr/libzephyr.a(assert.c.obj)
                              (--whole-archive)
zephyr/libzephyr.a(reboot.c.obj)
                              (--whole-archive)
zephyr/libzephyr.a(dec.c.obj)
                              (--whole-archive)
zephyr/libzephyr.a(hex.c.obj)
                              (--whole-archive)
zephyr/libzephyr.a(rb.c.obj)  (--whole-archive)
zephyr/libzephyr.a(timeutil.c.obj)
                              (--whole-archive)
zephyr/libzephyr.a(bitarray.c.obj)
                              (--whole-archive)
zephyr/libzephyr.a(configs.c.obj)
                              (--whole-archive)
zephyr/libzephyr.a(stm32cube_hal.c.obj)
                              (--whole-archive)
zephyr/libzephyr.a(soc_config.c.obj)
                              (--whole-archive)
zephyr/libzephyr.a(soc.c.obj)
                              (--whole-archive)
zephyr/libzephyr.a(log_core.c.obj)
                              (--whole-archive)
zephyr/libzephyr.a(log_mgmt.c.obj)
                              (--whole-archive)
zephyr/libzephyr.a(log_cache.c.obj)
                              (--whole-archive)
zephyr/libzephyr.a(log_msg.c.obj)
                              (--whole-archive)
zephyr/libzephyr.a(log_output.c.obj)
                              (--whole-archive)
zephyr/libzephyr.a(log_backend_uart.c.obj)
                              (--whole-archive)
zephyr/libzephyr.a(mem_attr.c.obj)
                              (--whole-archive)
zephyr/libzephyr.a(tracing_none.c.obj)
                              (--whole-archive)
zephyr/arch/common/libarch__common.a(sw_isr_common.c.obj)
                              (--whole-archive)
zephyr/arch/arch/arm/core/libarch__arm__core.a(fatal.c.obj)
                              (--whole-archive)
zephyr/arch/arch/arm/core/libarch__arm__core.a(nmi.c.obj)
                              (--whole-archive)
zephyr/arch/arch/arm/core/libarch__arm__core.a(nmi_on_reset.S.obj)
                              (--whole-archive)
zephyr/arch/arch/arm/core/libarch__arm__core.a(tls.c.obj)
                              (--whole-archive)
zephyr/arch/arch/arm/core/cortex_m/libarch__arm__core__cortex_m.a(exc_exit.c.obj)
                              (--whole-archive)
zephyr/arch/arch/arm/core/cortex_m/libarch__arm__core__cortex_m.a(fault.c.obj)
                              (--whole-archive)
zephyr/arch/arch/arm/core/cortex_m/libarch__arm__core__cortex_m.a(fault_s.S.obj)
                              (--whole-archive)
zephyr/arch/arch/arm/core/cortex_m/libarch__arm__core__cortex_m.a(fpu.c.obj)
                              (--whole-archive)
zephyr/arch/arch/arm/core/cortex_m/libarch__arm__core__cortex_m.a(reset.S.obj)
                              (--whole-archive)
zephyr/arch/arch/arm/core/cortex_m/libarch__arm__core__cortex_m.a(scb.c.obj)
                              (--whole-archive)
zephyr/arch/arch/arm/core/cortex_m/libarch__arm__core__cortex_m.a(thread_abort.c.obj)
                              (--whole-archive)
zephyr/arch/arch/arm/core/cortex_m/libarch__arm__core__cortex_m.a(vector_table.S.obj)
                              (--whole-archive)
zephyr/arch/arch/arm/core/cortex_m/libarch__arm__core__cortex_m.a(swap.c.obj)
                              (--whole-archive)
zephyr/arch/arch/arm/core/cortex_m/libarch__arm__core__cortex_m.a(swap_helper.S.obj)
                              (--whole-archive)
zephyr/arch/arch/arm/core/cortex_m/libarch__arm__core__cortex_m.a(irq_manage.c.obj)
                              (--whole-archive)
zephyr/arch/arch/arm/core/cortex_m/libarch__arm__core__cortex_m.a(prep_c.c.obj)
                              (--whole-archive)
zephyr/arch/arch/arm/core/cortex_m/libarch__arm__core__cortex_m.a(thread.c.obj)
                              (--whole-archive)
zephyr/arch/arch/arm/core/cortex_m/libarch__arm__core__cortex_m.a(cpu_idle.c.obj)
                              (--whole-archive)
zephyr/arch/arch/arm/core/cortex_m/libarch__arm__core__cortex_m.a(irq_init.c.obj)
                              (--whole-archive)
zephyr/arch/arch/arm/core/cortex_m/libarch__arm__core__cortex_m.a(isr_wrapper.c.obj)
                              (--whole-archive)
zephyr/arch/arch/arm/core/cortex_m/libarch__arm__core__cortex_m.a(__aeabi_read_tp.S.obj)
                              (--whole-archive)
zephyr/arch/arch/arm/core/mpu/libarch__arm__core__mpu.a(arm_core_mpu.c.obj)
[...]
Memory Configuration

Name             Origin             Length             Attributes
FLASH            0x0000000008000000 0x0000000000040000 xr
RAM              0x0000000020000000 0x000000000000a000 xw
CCM              0x0000000010000000 0x0000000000002000
IDT_LIST         0x00000000ffff7fff 0x0000000000008000 xw
*default*        0x0000000000000000 0xffffffffffffffff

Linker script and memory map

                0x00000000080051c4                vfprintf = __l_vfprintf
                0x0000000000000000                vfscanf = __l_vfscanf
LOAD zephyr/CMakeFiles/zephyr_pre0.dir/misc/empty_file.c.obj
LOAD zephyr/CMakeFiles/offsets.dir/./arch/arm/core/offsets/offsets.c.obj
LOAD app/libapp.a
LOAD zephyr/libzephyr.a
LOAD zephyr/arch/common/libarch__common.a
LOAD zephyr/arch/arch/arm/core/libarch__arm__core.a
LOAD zephyr/arch/arch/arm/core/cortex_m/libarch__arm__core__cortex_m.a
LOAD zephyr/arch/arch/arm/core/mpu/libarch__arm__core__mpu.a
LOAD zephyr/lib/libc/picolibc/liblib__libc__picolibc.a
LOAD zephyr/lib/libc/common/liblib__libc__common.a
LOAD zephyr/drivers/interrupt_controller/libdrivers__interrupt_controller.a
LOAD zephyr/drivers/clock_control/libdrivers__clock_control.a
LOAD zephyr/drivers/console/libdrivers__console.a
LOAD zephyr/drivers/gpio/libdrivers__gpio.a
LOAD zephyr/drivers/pinctrl/libdrivers__pinctrl.a
LOAD zephyr/drivers/pwm/libdrivers__pwm.a
LOAD zephyr/drivers/reset/libdrivers__reset.a
LOAD zephyr/drivers/serial/libdrivers__serial.a
LOAD zephyr/drivers/timer/libdrivers__timer.a
LOAD modules/stm32/stm32cube/lib..__modules__hal__stm32__stm32cube.a
LOAD zephyr/kernel/libkernel.a
LOAD /home/root1/zephyr-sdk-0.16.8/arm-zephyr-eabi/bin/../lib/gcc/arm-zephyr-eabi/12.2.0/thumb/v7e-m/nofp/libgcc.a
LOAD zephyr/arch/common/libisr_tables.a
LOAD /home/root1/zephyr-sdk-0.16.8/arm-zephyr-eabi/bin/../lib/gcc/../../picolibc/arm-zephyr-eabi/lib/thumb/v7e-m/nofp/libc.a
LOAD /home/root1/zephyr-sdk-0.16.8/arm-zephyr-eabi/bin/../lib/gcc/arm-zephyr-eabi/12.2.0/thumb/v7e-m/nofp/libgcc.a
                0x0000000000000020                _region_min_align = 0x20

.rel.plt        0x0000000008000000        0x0
 *(SORT_BY_ALIGNMENT(.rel.plt))
                [!provide]                        PROVIDE (__rel_iplt_start = .)
 *(SORT_BY_ALIGNMENT(.rel.iplt))
 .rel.iplt      0x0000000008000000        0x0 app/libapp.a(main.c.obj)
                [!provide]                        PROVIDE (__rel_iplt_end = .)

.rela.plt       0x0000000000000000        0x0
 *(SORT_BY_ALIGNMENT(.rela.plt))
                [!provide]                        PROVIDE (__rela_iplt_start = .)
 *(SORT_BY_ALIGNMENT(.rela.iplt))
                [!provide]                        PROVIDE (__rela_iplt_end = .)

.rel.dyn
 *(SORT_BY_ALIGNMENT(.rel.*))

.rela.dyn
 *(SORT_BY_ALIGNMENT(.rela.*))

/DISCARD/
 *(SORT_BY_ALIGNMENT(.plt))

/DISCARD/
 *(SORT_BY_ALIGNMENT(.iplt))
                0x0000000008000000                __rom_region_start = 0x8000000

rom_start       0x0000000008000000      0x188
                0x0000000008000000                __rom_start_address = .
 FILL mask 0x00
                0x0000000008000000                . = (. + (0x0 - (. - __rom_start_address)))
                0x0000000008000000                . = ALIGN (0x4)
                0x0000000008000000                . = ALIGN (0x80)
                0x0000000008000000                . = ALIGN (0x200)
                0x0000000008000000                _vector_start = .
 *(SORT_BY_ALIGNMENT(.exc_vector_table))
 *(SORT_BY_ALIGNMENT(.exc_vector_table.*))
 .exc_vector_table._vector_table_section
                0x0000000008000000       0x40 zephyr/arch/arch/arm/core/cortex_m/libarch__arm__core__cortex_m.a(vector_table.S.obj)
                0x0000000008000000                _vector_table
 *(SORT_BY_ALIGNMENT(.vectors))
                0x0000000008000188                _vector_end = .
                0x0000000008000040                . = ALIGN (0x4)
 *(SORT_BY_ALIGNMENT(.gnu.linkonce.irq_vector_table*))
 .gnu.linkonce.irq_vector_table
                0x0000000008000040      0x148 zephyr/arch/common/libisr_tables.a(isr_tables.c.obj)
                0x0000000008000040                _irq_vector_table
                0x0000000008000188                _vector_end = .

text            0x0000000008000188     0x6008
                0x0000000008000188                __text_region_start = .
 *(SORT_BY_ALIGNMENT(.text))
 .text          0x0000000008000188       0x30 /home/root1/zephyr-sdk-0.16.8/arm-zephyr-eabi/bin/../lib/gcc/arm-zephyr-eabi/12.2.0/thumb/v7e-m/nofp/libgcc.a(_aeabi_uldivmod.o)
                0x0000000008000188                __aeabi_uldivmod
 .text          0x00000000080001b8        0x4 /home/root1/zephyr-sdk-0.16.8/arm-zephyr-eabi/bin/../lib/gcc/arm-zephyr-eabi/12.2.0/thumb/v7e-m/nofp/libgcc.a(_dvmd_tls.o)
                0x00000000080001b8                __aeabi_ldiv0
                0x00000000080001b8                __aeabi_idiv0
 .text          0x00000000080001bc      0x2a0 /home/root1/zephyr-sdk-0.16.8/arm-zephyr-eabi/bin/../lib/gcc/arm-zephyr-eabi/12.2.0/thumb/v7e-m/nofp/libgcc.a(_udivmoddi4.o)
                0x00000000080001bc                __udivmoddi4
 .text          0x000000000800045c       0x10 /home/root1/zephyr-sdk-0.16.8/arm-zephyr-eabi/bin/../lib/gcc/../../picolibc/arm-zephyr-eabi/lib/thumb/v7e-m/nofp/libc.a(strlen.S.o)
                0x000000000800045c                strlen
 *(SORT_BY_ALIGNMENT(.text.*))
 .text.blink    0x000000000800046c      0x11c app/libapp.a(main.c.obj)
                0x000000000800046c                blink
 .text.blink0   0x0000000008000588       0x10 app/libapp.a(main.c.obj)
                0x0000000008000588                blink0
 .text.blink1   0x0000000008000598       0x14 app/libapp.a(main.c.obj)
                0x0000000008000598                blink1
 .text.blink2   0x00000000080005ac       0x14 app/libapp.a(main.c.obj)
                0x00000000080005ac                blink2
 .text.sys_heap_init
                0x00000000080005c0      0x11c zephyr/libzephyr.a(heap.c.obj)
                0x00000000080005c0                sys_heap_init
 .text.cbvprintf_package
                0x00000000080006dc      0x42c zephyr/libzephyr.a(cbprintf_packaged.c.obj)
                0x00000000080006dc                cbvprintf_package
 .text.__printk_hook_install
                0x0000000008000b08        0xc zephyr/libzephyr.a(printk.c.obj)
                0x0000000008000b08                __printk_hook_install
 .text.z_thread_entry
                0x0000000008000b14       0x34 zephyr/libzephyr.a(thread_entry.c.obj)
                0x0000000008000b14                z_thread_entry
 .text.st_stm32_common_config
                0x0000000008000b48       0x14 zephyr/libzephyr.a(soc_config.c.obj)
 .text.stm32f3_init
                0x0000000008000b5c       0x20 zephyr/libzephyr.a(soc.c.obj)
 .text.z_log_init.isra.0
                0x0000000008000b7c      0x120 zephyr/libzephyr.a(log_core.c.obj)
 .text.log_format_func_t_get
                0x0000000008000c9c        0xc zephyr/libzephyr.a(log_core.c.obj)
                0x0000000008000c9c                log_format_func_t_get
 .text.log_set_timestamp_func
                0x0000000008000ca8       0x20 zephyr/libzephyr.a(log_core.c.obj)
                0x0000000008000ca8                log_set_timestamp_func
 .text.log_core_init
                0x0000000008000cc8       0x28 zephyr/libzephyr.a(log_core.c.obj)
                0x0000000008000cc8                log_core_init
 .text.z_impl_log_panic
                0x0000000008000cf0       0x6c zephyr/libzephyr.a(log_core.c.obj)
                0x0000000008000cf0                z_impl_log_panic
 .text.z_log_dropped
                0x0000000008000d5c       0x30 zephyr/libzephyr.a(log_core.c.obj)
                0x0000000008000d5c                z_log_dropped
 .text.z_log_msg_commit
                0x0000000008000d8c       0x68 zephyr/libzephyr.a(log_core.c.obj)
                0x0000000008000d8c                z_log_msg_commit
 .text.log_source_name_get
                0x0000000008000df4       0x1c zephyr/libzephyr.a(log_mgmt.c.obj)
                0x0000000008000df4                log_source_name_get
 .text.log_backend_enable
                0x0000000008000e10       0x4c zephyr/libzephyr.a(log_mgmt.c.obj)
                0x0000000008000e10                log_backend_enable
 .text.z_log_msg_runtime_vcreate
                0x0000000008000e5c       0xc8 zephyr/libzephyr.a(log_msg.c.obj)
                0x0000000008000e5c                z_log_msg_runtime_vcreate
 .text.log_msg_get_source_id
                0x0000000008000f24       0x18 zephyr/libzephyr.a(log_msg.c.obj)
                0x0000000008000f24                log_msg_get_source_id
 .text.print_formatted
                0x0000000008000f3c       0x24 zephyr/libzephyr.a(log_output.c.obj)
 .text.newline_print
                0x0000000008000f60       0x1c zephyr/libzephyr.a(log_output.c.obj)
 .text.log_output_process
                0x0000000008000f7c      0x31c zephyr/libzephyr.a(log_output.c.obj)
                0x0000000008000f7c                log_output_process
 .text.log_output_timestamp_freq_set
                0x0000000008001298       0x2c zephyr/libzephyr.a(log_output.c.obj)
                0x0000000008001298                log_output_timestamp_freq_set
 .text.char_out
                0x00000000080012c4       0x24 zephyr/libzephyr.a(log_backend_uart.c.obj)
 .text.log_backend_uart_init
                0x00000000080012e8       0x3c zephyr/libzephyr.a(log_backend_uart.c.obj)
 .text.mem_attr_get_regions
                0x0000000008001324        0xc zephyr/libzephyr.a(mem_attr.c.obj)
                0x0000000008001324                mem_attr_get_regions
 .text.z_arm_fatal_error
                0x0000000008001330       0xc4 zephyr/arch/arch/arm/core/libarch__arm__core.a(fatal.c.obj)
                0x0000000008001330                z_arm_fatal_error
 .text.z_arm_nmi
                0x00000000080013f4       0x14 zephyr/arch/arch/arm/core/libarch__arm__core.a(nmi.c.obj)
                0x00000000080013f4                z_arm_nmi
 .text.z_SysNmiOnReset
                0x0000000008001408        0x8 zephyr/arch/arch/arm/core/libarch__arm__core.a(nmi_on_reset.S.obj)
                0x0000000008001408                z_SysNmiOnReset
 .text.arch_tls_stack_setup
                0x0000000008001410       0x40 zephyr/arch/arch/arm/core/libarch__arm__core.a(tls.c.obj)
                0x0000000008001410                arch_tls_stack_setup
 .text._HandlerModeExit
                0x0000000008001450       0x28 zephyr/arch/arch/arm/core/cortex_m/libarch__arm__core__cortex_m.a(exc_exit.c.obj)
                0x0000000008001450                z_arm_exc_exit
                0x0000000008001450                z_arm_int_exit
 .text.bus_fault.constprop.0
                0x0000000008001478      0x13c zephyr/arch/arch/arm/core/cortex_m/libarch__arm__core__cortex_m.a(fault.c.obj)
 .text.usage_fault.constprop.0
                0x00000000080015b4      0x108 zephyr/arch/arch/arm/core/cortex_m/libarch__arm__core__cortex_m.a(fault.c.obj)
 .text.mem_manage_fault
                0x00000000080016bc      0x198 zephyr/arch/arch/arm/core/cortex_m/libarch__arm__core__cortex_m.a(fault.c.obj)
 .text.z_arm_fault
                0x0000000008001854      0x278 zephyr/arch/arch/arm/core/cortex_m/libarch__arm__core__cortex_m.a(fault.c.obj)
                0x0000000008001854                z_arm_fault
 .text.z_arm_fault_init
                0x0000000008001acc       0x10 zephyr/arch/arch/arm/core/cortex_m/libarch__arm__core__cortex_m.a(fault.c.obj)
                0x0000000008001acc                z_arm_fault_init
 .text.__fault  0x0000000008001adc       0x14 zephyr/arch/arch/arm/core/cortex_m/libarch__arm__core__cortex_m.a(fault_s.S.obj)
                0x0000000008001adc                z_arm_bus_fault
                0x0000000008001adc                z_arm_usage_fault
                0x0000000008001adc                z_arm_mpu_fault
                0x0000000008001adc                z_arm_exc_spurious
                0x0000000008001adc                z_arm_debug_monitor
                0x0000000008001adc                z_arm_hard_fault
 .text._reset_section
                0x0000000008001af0       0x2c zephyr/arch/arch/arm/core/cortex_m/libarch__arm__core__cortex_m.a(reset.S.obj)
                0x0000000008001af0                z_arm_reset
                0x0000000008001af0                __start
 .text.z_impl_k_thread_abort
                0x0000000008001b1c       0x2c zephyr/arch/arch/arm/core/cortex_m/libarch__arm__core__cortex_m.a(thread_abort.c.obj)
                0x0000000008001b1c                z_impl_k_thread_abort
 .text.arch_swap
                0x0000000008001b48       0x30 zephyr/arch/arch/arm/core/cortex_m/libarch__arm__core__cortex_m.a(swap.c.obj)
                0x0000000008001b48                arch_swap
 .text.z_arm_pendsv_c
                0x0000000008001b78       0x48 zephyr/arch/arch/arm/core/cortex_m/libarch__arm__core__cortex_m.a(swap.c.obj)
                0x0000000008001b78                z_arm_pendsv_c
 .text.z_arm_pendsv
                0x0000000008001bc0       0x34 zephyr/arch/arch/arm/core/cortex_m/libarch__arm__core__cortex_m.a(swap_helper.S.obj)
                0x0000000008001bc0                z_arm_pendsv
 .text.z_arm_svc
                0x0000000008001bf4       0x20 zephyr/arch/arch/arm/core/cortex_m/libarch__arm__core__cortex_m.a(swap_helper.S.obj)
                0x0000000008001bf4                z_arm_svc
 .text.arch_irq_enable
                0x0000000008001c14       0x1c zephyr/arch/arch/arm/core/cortex_m/libarch__arm__core__cortex_m.a(irq_manage.c.obj)
                0x0000000008001c14                arch_irq_enable
 .text.z_arm_irq_priority_set
                0x0000000008001c30       0x68 zephyr/arch/arch/arm/core/cortex_m/libarch__arm__core__cortex_m.a(irq_manage.c.obj)
                0x0000000008001c30                z_arm_irq_priority_set
 .text.z_prep_c
                0x0000000008001c98       0x48 zephyr/arch/arch/arm/core/cortex_m/libarch__arm__core__cortex_m.a(prep_c.c.obj)
                0x0000000008001c98                z_prep_c
 .text.arch_new_thread
                0x0000000008001ce0       0x38 zephyr/arch/arch/arm/core/cortex_m/libarch__arm__core__cortex_m.a(thread.c.obj)
                0x0000000008001ce0                arch_new_thread
 .text.z_check_thread_stack_fail
                0x0000000008001d18       0x2c zephyr/arch/arch/arm/core/cortex_m/libarch__arm__core__cortex_m.a(thread.c.obj)
                0x0000000008001d18                z_check_thread_stack_fail
 .text.arch_switch_to_main_thread
                0x0000000008001d44       0x44 zephyr/arch/arch/arm/core/cortex_m/libarch__arm__core__cortex_m.a(thread.c.obj)
                0x0000000008001d44                arch_switch_to_main_thread
 .text.z_arm_cpu_idle_init
                0x0000000008001d88        0xc zephyr/arch/arch/arm/core/cortex_m/libarch__arm__core__cortex_m.a(cpu_idle.c.obj)
                0x0000000008001d88                z_arm_cpu_idle_init
 .text.z_arm_interrupt_init
                0x0000000008001d94       0x18 zephyr/arch/arch/arm/core/cortex_m/libarch__arm__core__cortex_m.a(irq_init.c.obj)
                0x0000000008001d94                z_arm_interrupt_init
 .text._isr_wrapper
                0x0000000008001dac       0x24 zephyr/arch/arch/arm/core/cortex_m/libarch__arm__core__cortex_m.a(isr_wrapper.c.obj)
                0x0000000008001dac                _isr_wrapper
 .text.z_arm_configure_static_mpu_regions
                0x0000000008001dd0       0x18 zephyr/arch/arch/arm/core/mpu/libarch__arm__core__mpu.a(arm_core_mpu.c.obj)
                0x0000000008001dd0                z_arm_configure_static_mpu_regions
 .text.z_arm_configure_dynamic_mpu_regions
                0x0000000008001de8       0x20 zephyr/arch/arch/arm/core/mpu/libarch__arm__core__mpu.a(arm_core_mpu.c.obj)
                0x0000000008001de8                z_arm_configure_dynamic_mpu_regions
 .text.region_allocate_and_init
                0x0000000008001e08       0x60 zephyr/arch/arch/arm/core/mpu/libarch__arm__core__mpu.a(arm_mpu.c.obj)
 .text.mpu_configure_regions
                0x0000000008001e68       0x74 zephyr/arch/arch/arm/core/mpu/libarch__arm__core__mpu.a(arm_mpu.c.obj)
 .text.arm_core_mpu_enable
                0x0000000008001edc       0x18 zephyr/arch/arch/arm/core/mpu/libarch__arm__core__mpu.a(arm_mpu.c.obj)
                0x0000000008001edc                arm_core_mpu_enable
 .text.arm_core_mpu_disable
                0x0000000008001ef4       0x14 zephyr/arch/arch/arm/core/mpu/libarch__arm__core__mpu.a(arm_mpu.c.obj)
                0x0000000008001ef4                arm_core_mpu_disable
 .text.arm_core_mpu_configure_static_mpu_regions
                0x0000000008001f08       0x4c zephyr/arch/arch/arm/core/mpu/libarch__arm__core__mpu.a(arm_mpu.c.obj)
                0x0000000008001f08                arm_core_mpu_configure_static_mpu_regions
 .text.arm_core_mpu_configure_dynamic_mpu_regions
                0x0000000008001f54       0x6c zephyr/arch/arch/arm/core/mpu/libarch__arm__core__mpu.a(arm_mpu.c.obj)
                0x0000000008001f54                arm_core_mpu_configure_dynamic_mpu_regions
 .text.z_arm_mpu_init
                0x0000000008001fc0      0x230 zephyr/arch/arch/arm/core/mpu/libarch__arm__core__mpu.a(arm_mpu.c.obj)
                0x0000000008001fc0                z_arm_mpu_init
 .text.z_impl_zephyr_fputc
                0x00000000080021f0       0x10 zephyr/lib/libc/picolibc/liblib__libc__picolibc.a(libc-hooks.c.obj)
                0x00000000080021f0                z_impl_zephyr_fputc
 .text.__stdout_hook_install
                0x0000000008002200       0x18 zephyr/lib/libc/picolibc/liblib__libc__picolibc.a(libc-hooks.c.obj)
                0x0000000008002200                __stdout_hook_install
 .text.cbvprintf
                0x0000000008002218       0x38 zephyr/lib/libc/picolibc/liblib__libc__picolibc.a(libc-hooks.c.obj)
                0x0000000008002218                cbvprintf
 .text.malloc_prepare
                0x0000000008002250       0x24 zephyr/lib/libc/common/liblib__libc__common.a(malloc.c.obj)
 .text.stm32_exti_isr
                0x0000000008002274       0x4c zephyr/drivers/interrupt_controller/libdrivers__interrupt_controller.a(intc_exti_stm32.c.obj)
 .text.stm32_fill_irq_table
                0x00000000080022c0       0x18 zephyr/drivers/interrupt_controller/libdrivers__interrupt_controller.a(intc_exti_stm32.c.obj)
 .text.stm32_exti_enable
                0x00000000080022d8       0x24 zephyr/drivers/interrupt_controller/libdrivers__interrupt_controller.a(intc_exti_stm32.c.obj)
                0x00000000080022d8                stm32_exti_enable
 .text.stm32_exti_disable
                0x00000000080022fc       0x18 zephyr/drivers/interrupt_controller/libdrivers__interrupt_controller.a(intc_exti_stm32.c.obj)
                0x00000000080022fc                stm32_exti_disable
 .text.stm32_exti_trigger
                0x0000000008002314       0x60 zephyr/drivers/interrupt_controller/libdrivers__interrupt_controller.a(intc_exti_stm32.c.obj)
                0x0000000008002314                stm32_exti_trigger
 .text.stm32_exti_set_callback
                0x0000000008002374       0x30 zephyr/drivers/interrupt_controller/libdrivers__interrupt_controller.a(intc_exti_stm32.c.obj)
                0x0000000008002374                stm32_exti_set_callback
 .text.stm32_exti_unset_callback
                0x00000000080023a4       0x14 zephyr/drivers/interrupt_controller/libdrivers__interrupt_controller.a(intc_exti_stm32.c.obj)
                0x00000000080023a4                stm32_exti_unset_callback
 .text.stm32_clock_control_get_subsys_rate
                0x00000000080023b8       0x60 zephyr/drivers/clock_control/libdrivers__clock_control.a(clock_stm32_ll_common.c.obj)
 .text.stm32_clock_control_init
                0x0000000008002418       0xfc zephyr/drivers/clock_control/libdrivers__clock_control.a(clock_stm32_ll_common.c.obj)
                0x0000000008002418                stm32_clock_control_init
 .text.config_pll_sysclock
                0x0000000008002514       0x1c zephyr/drivers/clock_control/libdrivers__clock_control.a(clock_stm32f0_f3.c.obj)
                0x0000000008002514                config_pll_sysclock
 .text.get_pllout_frequency
                0x0000000008002530       0x20 zephyr/drivers/clock_control/libdrivers__clock_control.a(clock_stm32f0_f3.c.obj)
                0x0000000008002530                get_pllout_frequency
 .text.config_enable_default_clocks
                0x0000000008002550       0x20 zephyr/drivers/clock_control/libdrivers__clock_control.a(clock_stm32f0_f3.c.obj)
                0x0000000008002550                config_enable_default_clocks
 .text.uart_console_init
                0x0000000008002570       0x28 zephyr/drivers/console/libdrivers__console.a(uart_console.c.obj)
 .text.console_out
                0x0000000008002598       0x28 zephyr/drivers/console/libdrivers__console.a(uart_console.c.obj)
 .text.gpio_stm32_manage_callback
                0x00000000080025c0       0xa0 zephyr/drivers/gpio/libdrivers__gpio.a(gpio_stm32.c.obj)
 .text.gpio_stm32_init
                0x0000000008002660       0x30 zephyr/drivers/gpio/libdrivers__gpio.a(gpio_stm32.c.obj)
 .text.gpio_stm32_isr
                0x0000000008002690       0x58 zephyr/drivers/gpio/libdrivers__gpio.a(gpio_stm32.c.obj)
 .text.gpio_stm32_pin_interrupt_configure
                0x00000000080026e8      0x10c zephyr/drivers/gpio/libdrivers__gpio.a(gpio_stm32.c.obj)
 .text.pinctrl_configure_pins
                0x00000000080027f4       0xb0 zephyr/drivers/pinctrl/libdrivers__pinctrl.a(pinctrl_stm32.c.obj)
                0x00000000080027f4                pinctrl_configure_pins
 .text.LL_TIM_OC_GetPolarity
                0x00000000080028a4       0x64 zephyr/drivers/pwm/libdrivers__pwm.a(pwm_stm32.c.obj)
 .text.pwm_stm32_set_cycles
                0x0000000008002908      0x26c zephyr/drivers/pwm/libdrivers__pwm.a(pwm_stm32.c.obj)
 .text.pwm_stm32_init
                0x0000000008002b74      0x150 zephyr/drivers/pwm/libdrivers__pwm.a(pwm_stm32.c.obj)
 .text.uart_stm32_set_baudrate
                0x0000000008002cc4       0x84 zephyr/drivers/serial/libdrivers__serial.a(uart_stm32.c.obj)
 .text.uart_stm32_parameters_set
                0x0000000008002d48      0x128 zephyr/drivers/serial/libdrivers__serial.a(uart_stm32.c.obj)
 .text.uart_stm32_init
                0x0000000008002e70      0x18c zephyr/drivers/serial/libdrivers__serial.a(uart_stm32.c.obj)
 .text.uart_stm32_configure
                0x0000000008002ffc      0x140 zephyr/drivers/serial/libdrivers__serial.a(uart_stm32.c.obj)
 .text.elapsed  0x000000000800313c       0x4c zephyr/drivers/timer/libdrivers__timer.a(cortex_m_systick.c.obj)
 .text.sys_clock_driver_init
                0x0000000008003188       0x38 zephyr/drivers/timer/libdrivers__timer.a(cortex_m_systick.c.obj)
 .text.sys_clock_isr
                0x00000000080031c0       0x54 zephyr/drivers/timer/libdrivers__timer.a(cortex_m_systick.c.obj)
                0x00000000080031c0                sys_clock_isr
 .text.sys_clock_set_timeout
                0x0000000008003214      0x164 zephyr/drivers/timer/libdrivers__timer.a(cortex_m_systick.c.obj)
                0x0000000008003214                sys_clock_set_timeout
 .text.sys_clock_elapsed
                0x0000000008003378       0xa4 zephyr/drivers/timer/libdrivers__timer.a(cortex_m_systick.c.obj)
                0x0000000008003378                sys_clock_elapsed
 .text.HAL_RCC_GetSysClockFreq
                0x000000000800341c       0x6c modules/stm32/stm32cube/lib..__modules__hal__stm32__stm32cube.a(stm32f3xx_hal_rcc.c.obj)
                0x000000000800341c                HAL_RCC_GetSysClockFreq
 .text.LL_TIM_Init
                0x0000000008003488       0xa4 modules/stm32/stm32cube/lib..__modules__hal__stm32__stm32cube.a(stm32f3xx_ll_tim.c.obj)
                0x0000000008003488                LL_TIM_Init
 .text.LL_TIM_OC_Init
                0x000000000800352c      0x304 modules/stm32/stm32cube/lib..__modules__hal__stm32__stm32cube.a(stm32f3xx_ll_tim.c.obj)
                0x000000000800352c                LL_TIM_OC_Init
 .text.LL_SetFlashLatency
                0x0000000008003830       0x4c modules/stm32/stm32cube/lib..__modules__hal__stm32__stm32cube.a(stm32f3xx_ll_utils.c.obj)
                0x0000000008003830                LL_SetFlashLatency
 .text.z_device_state_init
                0x000000000800387c       0x44 zephyr/kernel/libkernel.a(device.c.obj)
                0x000000000800387c                z_device_state_init
 .text.k_sys_fatal_error_handler
                0x00000000080038c0       0x2c zephyr/kernel/libkernel.a(fatal.c.obj)
                0x00000000080038c0                k_sys_fatal_error_handler
 .text.z_fatal_error
                0x00000000080038ec       0xfc zephyr/kernel/libkernel.a(fatal.c.obj)
                0x00000000080038ec                z_fatal_error
 .text.z_sys_init_run_level
                0x00000000080039e8       0x2c zephyr/kernel/libkernel.a(init.c.obj)
 .text.bg_thread_main
                0x0000000008003a14      0x108 zephyr/kernel/libkernel.a(init.c.obj)
 .text.z_bss_zero
                0x0000000008003b1c       0x18 zephyr/kernel/libkernel.a(init.c.obj)
                0x0000000008003b1c                z_bss_zero
 .text.z_init_cpu
                0x0000000008003b34       0x70 zephyr/kernel/libkernel.a(init.c.obj)
                0x0000000008003b34                z_init_cpu
 .text.z_cstart
                0x0000000008003ba4       0xe0 zephyr/kernel/libkernel.a(init.c.obj)
                0x0000000008003ba4                z_cstart
 .text.idle     0x0000000008003c84       0x48 zephyr/kernel/libkernel.a(idle.c.obj)
                0x0000000008003c84                idle
 .text.z_setup_new_thread
                0x0000000008003ccc       0xe4 zephyr/kernel/libkernel.a(thread.c.obj)
                0x0000000008003ccc                z_setup_new_thread
 .text.update_cache
                0x0000000008003db0       0x68 zephyr/kernel/libkernel.a(sched.c.obj)
 .text.unready_thread
                0x0000000008003e18       0x58 zephyr/kernel/libkernel.a(sched.c.obj)
 .text.unpend_thread_no_timeout
                0x0000000008003e70       0x3c zephyr/kernel/libkernel.a(sched.c.obj)
 .text.ready_thread
                0x0000000008003eac       0x94 zephyr/kernel/libkernel.a(sched.c.obj)
 .text.z_thread_halt
                0x0000000008003f40      0x18c zephyr/kernel/libkernel.a(sched.c.obj)
 .text.move_thread_to_end_of_prio_q
                0x00000000080040cc       0xb0 zephyr/kernel/libkernel.a(sched.c.obj)
                0x00000000080040cc                move_thread_to_end_of_prio_q
 .text.z_ready_thread
                0x000000000800417c       0x8c zephyr/kernel/libkernel.a(sched.c.obj)
                0x000000000800417c                z_ready_thread
 .text.z_impl_k_thread_suspend
                0x0000000008004208       0xa0 zephyr/kernel/libkernel.a(sched.c.obj)
                0x0000000008004208                z_impl_k_thread_suspend
 .text.z_sched_wake_thread
                0x00000000080042a8       0xb0 zephyr/kernel/libkernel.a(sched.c.obj)
                0x00000000080042a8                z_sched_wake_thread
 .text.z_reschedule
                0x0000000008004358       0x8c zephyr/kernel/libkernel.a(sched.c.obj)
                0x0000000008004358                z_reschedule
 .text.z_sched_start
                0x00000000080043e4       0xa4 zephyr/kernel/libkernel.a(sched.c.obj)
                0x00000000080043e4                z_sched_start
 .text.z_reschedule_irqlock
                0x0000000008004488       0x28 zephyr/kernel/libkernel.a(sched.c.obj)
                0x0000000008004488                z_reschedule_irqlock
 .text.k_sched_lock
                0x00000000080044b0       0xdc zephyr/kernel/libkernel.a(sched.c.obj)
                0x00000000080044b0                k_sched_lock
 .text.k_sched_unlock
                0x000000000800458c       0xf8 zephyr/kernel/libkernel.a(sched.c.obj)
                0x000000000800458c                k_sched_unlock
 .text.z_sched_init
                0x0000000008004684       0x10 zephyr/kernel/libkernel.a(sched.c.obj)
                0x0000000008004684                z_sched_init
 .text.z_impl_k_yield
                0x0000000008004694      0x144 zephyr/kernel/libkernel.a(sched.c.obj)
                0x0000000008004694                z_impl_k_yield
 .text.z_tick_sleep
                0x00000000080047d8      0x144 zephyr/kernel/libkernel.a(sched.c.obj)
 .text.z_impl_k_sleep
                0x000000000800491c       0x70 zephyr/kernel/libkernel.a(sched.c.obj)
                0x000000000800491c                z_impl_k_sleep
 .text.z_impl_k_sched_current_thread_query
                0x000000000800498c        0xc zephyr/kernel/libkernel.a(sched.c.obj)
                0x000000000800498c                z_impl_k_sched_current_thread_query
 .text.z_thread_abort
                0x0000000008004998       0xdc zephyr/kernel/libkernel.a(sched.c.obj)
                0x0000000008004998                z_thread_abort
 .text.slice_timeout
                0x0000000008004a74       0x5c zephyr/kernel/libkernel.a(timeslicing.c.obj)
 .text.thread_is_sliceable
                0x0000000008004ad0       0x3c zephyr/kernel/libkernel.a(timeslicing.c.obj)
                0x0000000008004ad0                thread_is_sliceable
 .text.z_reset_time_slice
                0x0000000008004b0c       0x50 zephyr/kernel/libkernel.a(timeslicing.c.obj)
                0x0000000008004b0c                z_reset_time_slice
 .text.z_time_slice
                0x0000000008004b5c       0xc8 zephyr/kernel/libkernel.a(timeslicing.c.obj)
                0x0000000008004b5c                z_time_slice
 .text.z_spin_lock_valid
                0x0000000008004c24       0x1c zephyr/kernel/libkernel.a(spinlock_validate.c.obj)
                0x0000000008004c24                z_spin_lock_valid
 .text.z_spin_unlock_valid
                0x0000000008004c40       0x2c zephyr/kernel/libkernel.a(spinlock_validate.c.obj)
                0x0000000008004c40                z_spin_unlock_valid
 .text.z_spin_lock_set_owner
                0x0000000008004c6c       0x10 zephyr/kernel/libkernel.a(spinlock_validate.c.obj)
                0x0000000008004c6c                z_spin_lock_set_owner
 .text.z_data_copy
                0x0000000008004c7c       0x34 zephyr/kernel/libkernel.a(xip.c.obj)
                0x0000000008004c7c                z_data_copy
 .text.elapsed  0x0000000008004cb0       0x14 zephyr/kernel/libkernel.a(timeout.c.obj)
 .text.remove_timeout
                0x0000000008004cc4       0x38 zephyr/kernel/libkernel.a(timeout.c.obj)
 .text.next_timeout
                0x0000000008004cfc       0x40 zephyr/kernel/libkernel.a(timeout.c.obj)
 .text.z_add_timeout
                0x0000000008004d3c      0x18c zephyr/kernel/libkernel.a(timeout.c.obj)
                0x0000000008004d3c                z_add_timeout
 .text.z_abort_timeout
                0x0000000008004ec8       0x9c zephyr/kernel/libkernel.a(timeout.c.obj)
                0x0000000008004ec8                z_abort_timeout
 .text.sys_clock_announce
                0x0000000008004f64      0x15c zephyr/kernel/libkernel.a(timeout.c.obj)
                0x0000000008004f64                sys_clock_announce
 .text.sys_clock_tick_get
                0x00000000080050c0       0x9c zephyr/kernel/libkernel.a(timeout.c.obj)
                0x00000000080050c0                sys_clock_tick_get
 .text.k_thread_system_pool_assign
                0x000000000800515c        0xc zephyr/kernel/libkernel.a(mempool.c.obj)
                0x000000000800515c                k_thread_system_pool_assign
 .text.boot_banner
                0x0000000008005168        0xc zephyr/kernel/libkernel.a(banner.c.obj)
                0x0000000008005168                boot_banner
 .text.statics_init
                0x0000000008005174       0x50 zephyr/kernel/libkernel.a(kheap.c.obj)
 .text.__l_vfprintf
                0x00000000080051c4      0x4b8 /home/root1/zephyr-sdk-0.16.8/arm-zephyr-eabi/bin/../lib/gcc/../../picolibc/arm-zephyr-eabi/lib/thumb/v7e-m/nofp/libc.a(libc_tinystdio_vflprintf.c.o)
                0x00000000080051c4                __l_vfprintf
 .text._OffsetAbsSyms
                0x000000000800567c        0x2 zephyr/CMakeFiles/offsets.dir/./arch/arm/core/offsets/offsets.c.obj
                0x000000000800567c                _OffsetAbsSyms
 .text.chunk_size
                0x000000000800567e        0xa zephyr/libzephyr.a(heap.c.obj)
 .text.free_list_add
                0x0000000008005688       0x4e zephyr/libzephyr.a(heap.c.obj)
 .text.cbpprintf_external
                0x00000000080056d6       0x62 zephyr/libzephyr.a(cbprintf_packaged.c.obj)
                0x00000000080056d6                cbpprintf_external
 .text.arch_printk_char_out
                0x0000000008005738        0x4 zephyr/libzephyr.a(printk.c.obj)
                0x0000000008005738                arch_printk_char_out
 .text.vprintk  0x000000000800573c        0x4 zephyr/libzephyr.a(printk.c.obj)
                0x000000000800573c                vprintk
 .text.printk   0x0000000008005740       0x1a zephyr/libzephyr.a(printk.c.obj)
                0x0000000008005740                printk
 .text.assert_post_action
                0x000000000800575a       0x12 zephyr/libzephyr.a(assert.c.obj)
                0x000000000800575a                assert_post_action
 .text.assert_print
                0x000000000800576c       0x1a zephyr/libzephyr.a(assert.c.obj)
                0x000000000800576c                assert_print
 .text._ConfigAbsSyms
                0x0000000008005786        0x2 zephyr/libzephyr.a(configs.c.obj)
                0x0000000008005786                _ConfigAbsSyms
 .text.dummy_timestamp
                0x0000000008005788        0x4 zephyr/libzephyr.a(log_core.c.obj)
 .text.default_lf_get_timestamp
                0x000000000800578c       0x10 zephyr/libzephyr.a(log_core.c.obj)
 .text.atomic_inc
                0x000000000800579c       0x1a zephyr/libzephyr.a(log_core.c.obj)
 .text.enable_logger
                0x00000000080057b6        0xe zephyr/libzephyr.a(log_core.c.obj)
 .text.z_log_vprintk
                0x00000000080057c4       0x1c zephyr/libzephyr.a(log_core.c.obj)
                0x00000000080057c4                z_log_vprintk
 .text.z_log_notify_backend_enabled
                0x00000000080057e0        0x2 zephyr/libzephyr.a(log_core.c.obj)
                0x00000000080057e0                z_log_notify_backend_enabled
 .text.z_log_get_tag
                0x00000000080057e2        0x4 zephyr/libzephyr.a(log_core.c.obj)
                0x00000000080057e2                z_log_get_tag
 .text.z_log_msg_finalize
                0x00000000080057e6       0x32 zephyr/libzephyr.a(log_msg.c.obj)
                0x00000000080057e6                z_log_msg_finalize
 .text.out_func
                0x0000000008005818       0x1c zephyr/libzephyr.a(log_output.c.obj)
 .text.cr_out_func
                0x0000000008005834       0x1c zephyr/libzephyr.a(log_output.c.obj)
 .text.buffer_write
                0x0000000008005850       0x1c zephyr/libzephyr.a(log_output.c.obj)
 .text.log_output_flush
                0x000000000800586c       0x1a zephyr/libzephyr.a(log_output.c.obj)
                0x000000000800586c                log_output_flush
 .text.log_output_msg_process
                0x0000000008005886       0x6a zephyr/libzephyr.a(log_output.c.obj)
                0x0000000008005886                log_output_msg_process
 .text.format_set
                0x00000000080058f0        0xc zephyr/libzephyr.a(log_backend_uart.c.obj)
 .text.panic    0x00000000080058fc       0x10 zephyr/libzephyr.a(log_backend_uart.c.obj)
 .text.process  0x000000000800590c       0x1e zephyr/libzephyr.a(log_backend_uart.c.obj)
 .text.z_log_msg_runtime_create.constprop.0
                0x000000000800592a       0x20 zephyr/arch/arch/arm/core/libarch__arm__core.a(fatal.c.obj)
 .text.z_do_kernel_oops
                0x000000000800594a        0x8 zephyr/arch/arch/arm/core/libarch__arm__core.a(fatal.c.obj)
                0x000000000800594a                z_do_kernel_oops
 .text.z_log_msg_runtime_create.constprop.0
                0x0000000008005952       0x20 zephyr/arch/arch/arm/core/cortex_m/libarch__arm__core__cortex_m.a(fault.c.obj)
 .text.z_irq_spurious
                0x0000000008005972        0x8 zephyr/arch/arch/arm/core/cortex_m/libarch__arm__core__cortex_m.a(irq_manage.c.obj)
                0x0000000008005972                z_irq_spurious
 .text.arch_irq_unlock_outlined
                0x000000000800597a        0xe zephyr/arch/arch/arm/core/cortex_m/libarch__arm__core__cortex_m.a(thread.c.obj)
                0x000000000800597a                arch_irq_unlock_outlined
 .text.arch_cpu_idle
                0x0000000008005988       0x1a zephyr/arch/arch/arm/core/cortex_m/libarch__arm__core__cortex_m.a(cpu_idle.c.obj)
                0x0000000008005988                arch_cpu_idle
 .text.size_to_mpu_rasr_size
                0x00000000080059a2       0x20 zephyr/arch/arch/arm/core/mpu/libarch__arm__core__mpu.a(arm_mpu.c.obj)
 .text.z_log_msg_runtime_create.constprop.0
                0x00000000080059c2       0x20 zephyr/arch/arch/arm/core/mpu/libarch__arm__core__mpu.a(arm_mpu.c.obj)
 .text.cbputc   0x00000000080059e2        0xc zephyr/lib/libc/picolibc/liblib__libc__picolibc.a(libc-hooks.c.obj)
 .text.picolibc_put
                0x00000000080059ee        0xa zephyr/lib/libc/picolibc/liblib__libc__picolibc.a(libc-hooks.c.obj)
 .text.stm32_exti_init
                0x00000000080059f8       0x92 zephyr/drivers/interrupt_controller/libdrivers__interrupt_controller.a(intc_exti_stm32.c.obj)
 .text.stm32_clock_control_on
                0x0000000008005a8a       0x38 zephyr/drivers/clock_control/libdrivers__clock_control.a(clock_stm32_ll_common.c.obj)
 .text.stm32_clock_control_off
                0x0000000008005ac2       0x24 zephyr/drivers/clock_control/libdrivers__clock_control.a(clock_stm32_ll_common.c.obj)
 .text.stm32_clock_control_configure
                0x0000000008005ae6       0x5a zephyr/drivers/clock_control/libdrivers__clock_control.a(clock_stm32_ll_common.c.obj)
 .text.stm32_clock_control_get_status
                0x0000000008005b40       0x34 zephyr/drivers/clock_control/libdrivers__clock_control.a(clock_stm32_ll_common.c.obj)
 .text.config_regulator_voltage
                0x0000000008005b74        0x2 zephyr/drivers/clock_control/libdrivers__clock_control.a(clock_stm32_ll_common.c.obj)
                0x0000000008005b74                config_regulator_voltage
 .text.gpio_stm32_port_get_raw
                0x0000000008005b76        0xc zephyr/drivers/gpio/libdrivers__gpio.a(gpio_stm32.c.obj)
 .text.gpio_stm32_port_set_masked_raw
                0x0000000008005b82       0x12 zephyr/drivers/gpio/libdrivers__gpio.a(gpio_stm32.c.obj)
 .text.gpio_stm32_port_set_bits_raw
                0x0000000008005b94        0xa zephyr/drivers/gpio/libdrivers__gpio.a(gpio_stm32.c.obj)
 .text.gpio_stm32_port_clear_bits_raw
                0x0000000008005b9e        0xa zephyr/drivers/gpio/libdrivers__gpio.a(gpio_stm32.c.obj)
 .text.gpio_stm32_port_toggle_bits
                0x0000000008005ba8        0xe zephyr/drivers/gpio/libdrivers__gpio.a(gpio_stm32.c.obj)
 .text.gpio_stm32_configure_raw.isra.0
                0x0000000008005bb6      0x106 zephyr/drivers/gpio/libdrivers__gpio.a(gpio_stm32.c.obj)
 .text.gpio_stm32_config
                0x0000000008005cbc       0x72 zephyr/drivers/gpio/libdrivers__gpio.a(gpio_stm32.c.obj)
 .text.gpio_stm32_configure
                0x0000000008005d2e       0x2a zephyr/drivers/gpio/libdrivers__gpio.a(gpio_stm32.c.obj)
                0x0000000008005d2e                gpio_stm32_configure
 .text.pinctrl_lookup_state
                0x0000000008005d58       0x26 zephyr/drivers/pinctrl/libdrivers__pinctrl.a(common.c.obj)
                0x0000000008005d58                pinctrl_lookup_state
 .text.LL_TIM_OC_SetCompareCH1
                0x0000000008005d7e        0x4 zephyr/drivers/pwm/libdrivers__pwm.a(pwm_stm32.c.obj)
 .text.LL_TIM_OC_SetCompareCH2
                0x0000000008005d82        0x4 zephyr/drivers/pwm/libdrivers__pwm.a(pwm_stm32.c.obj)
 .text.LL_TIM_OC_SetCompareCH3
                0x0000000008005d86        0x4 zephyr/drivers/pwm/libdrivers__pwm.a(pwm_stm32.c.obj)
 .text.LL_TIM_OC_SetCompareCH4
                0x0000000008005d8a        0x4 zephyr/drivers/pwm/libdrivers__pwm.a(pwm_stm32.c.obj)
 .text.LL_TIM_OC_SetCompareCH5
                0x0000000008005d8e        0x6 zephyr/drivers/pwm/libdrivers__pwm.a(pwm_stm32.c.obj)
 .text.LL_TIM_OC_SetCompareCH6
                0x0000000008005d94        0x4 zephyr/drivers/pwm/libdrivers__pwm.a(pwm_stm32.c.obj)
 .text.pwm_stm32_get_cycles_per_sec
                0x0000000008005d98       0x16 zephyr/drivers/pwm/libdrivers__pwm.a(pwm_stm32.c.obj)
 .text.z_log_msg_runtime_create.constprop.0
                0x0000000008005dae       0x20 zephyr/drivers/pwm/libdrivers__pwm.a(pwm_stm32.c.obj)
 .text.reset_stm32_status
                0x0000000008005dce       0x20 zephyr/drivers/reset/libdrivers__reset.a(reset_stm32.c.obj)
 .text.reset_stm32_line_assert
                0x0000000008005dee       0x1c zephyr/drivers/reset/libdrivers__reset.a(reset_stm32.c.obj)
 .text.reset_stm32_line_deassert
                0x0000000008005e0a       0x1e zephyr/drivers/reset/libdrivers__reset.a(reset_stm32.c.obj)
 .text.reset_stm32_line_toggle
                0x0000000008005e28       0x16 zephyr/drivers/reset/libdrivers__reset.a(reset_stm32.c.obj)
 .text.uart_stm32_err_check
                0x0000000008005e3e       0x5a zephyr/drivers/serial/libdrivers__serial.a(uart_stm32.c.obj)
 .text.z_log_msg_runtime_create.constprop.0
                0x0000000008005e98       0x20 zephyr/drivers/serial/libdrivers__serial.a(uart_stm32.c.obj)
 .text.uart_stm32_poll_out
                0x0000000008005eb8       0x36 zephyr/drivers/serial/libdrivers__serial.a(uart_stm32.c.obj)
 .text.uart_stm32_poll_in
                0x0000000008005eee       0x20 zephyr/drivers/serial/libdrivers__serial.a(uart_stm32.c.obj)
 .text.uart_stm32_config_get
                0x0000000008005f0e       0x9e zephyr/drivers/serial/libdrivers__serial.a(uart_stm32.c.obj)
 .text.LL_TIM_StructInit
                0x0000000008005fac       0x12 modules/stm32/stm32cube/lib..__modules__hal__stm32__stm32cube.a(stm32f3xx_ll_tim.c.obj)
                0x0000000008005fac                LL_TIM_StructInit
 .text.LL_TIM_OC_StructInit
                0x0000000008005fbe       0x14 modules/stm32/stm32cube/lib..__modules__hal__stm32__stm32cube.a(stm32f3xx_ll_tim.c.obj)
                0x0000000008005fbe                LL_TIM_OC_StructInit
 .text.z_impl_device_is_ready
                0x0000000008005fd2       0x16 zephyr/kernel/libkernel.a(device.c.obj)
                0x0000000008005fd2                z_impl_device_is_ready
 .text.z_log_msg_runtime_create.constprop.0
                0x0000000008005fe8       0x20 zephyr/kernel/libkernel.a(fatal.c.obj)
 .text.arch_system_halt
                0x0000000008006008       0x10 zephyr/kernel/libkernel.a(fatal.c.obj)
                0x0000000008006008                arch_system_halt
 .text.do_device_init
                0x0000000008006018       0x30 zephyr/kernel/libkernel.a(init.c.obj)
 .text.z_early_memset
                0x0000000008006048        0x4 zephyr/kernel/libkernel.a(init.c.obj)
                0x0000000008006048                z_early_memset
 .text.z_early_memcpy
                0x000000000800604c        0x4 zephyr/kernel/libkernel.a(init.c.obj)
                0x000000000800604c                z_early_memcpy
 .text.k_thread_name_get
                0x0000000008006050        0x4 zephyr/kernel/libkernel.a(thread.c.obj)
                0x0000000008006050                k_thread_name_get
 .text.z_impl_k_thread_start
                0x0000000008006054        0x4 zephyr/kernel/libkernel.a(thread.c.obj)
                0x0000000008006054                z_impl_k_thread_start
 .text.sys_dlist_remove
                0x0000000008006058       0x10 zephyr/kernel/libkernel.a(sched.c.obj)
 .text.z_thread_timeout
                0x0000000008006068        0x8 zephyr/kernel/libkernel.a(sched.c.obj)
                0x0000000008006068                z_thread_timeout
 .text.sys_clock_tick_get_32
                0x0000000008006070        0x8 zephyr/kernel/libkernel.a(timeout.c.obj)
                0x0000000008006070                sys_clock_tick_get_32
 .text.z_impl_k_uptime_ticks
                0x0000000008006078        0x4 zephyr/kernel/libkernel.a(timeout.c.obj)
                0x0000000008006078                z_impl_k_uptime_ticks
 .text.main     0x000000000800607c        0x6 zephyr/kernel/libkernel.a(main_weak.c.obj)
                0x000000000800607c                main
 .text.k_heap_init
                0x0000000008006082       0x10 zephyr/kernel/libkernel.a(kheap.c.obj)
                0x0000000008006082                k_heap_init
 .text.strnlen  0x0000000008006092       0x18 /home/root1/zephyr-sdk-0.16.8/arm-zephyr-eabi/bin/../lib/gcc/../../picolibc/arm-zephyr-eabi/lib/thumb/v7e-m/nofp/libc.a(libc_string_strnlen.c.o)
                0x0000000008006092                strnlen
 .text.__ultoa_invert
                0x00000000080060aa       0xae /home/root1/zephyr-sdk-0.16.8/arm-zephyr-eabi/bin/../lib/gcc/../../picolibc/arm-zephyr-eabi/lib/thumb/v7e-m/nofp/libc.a(libc_tinystdio_vflprintf.c.o)
 .text.memcpy   0x0000000008006158       0x1c /home/root1/zephyr-sdk-0.16.8/arm-zephyr-eabi/bin/../lib/gcc/../../picolibc/arm-zephyr-eabi/lib/thumb/v7e-m/nofp/libc.a(memcpy.c.o)
                0x0000000008006158                memcpy
                0x0000000008006158                __aeabi_memcpy
                0x0000000008006158                __aeabi_memcpy4
                0x0000000008006158                __aeabi_memcpy8
 .text.memset   0x0000000008006174       0x10 /home/root1/zephyr-sdk-0.16.8/arm-zephyr-eabi/bin/../lib/gcc/../../picolibc/arm-zephyr-eabi/lib/thumb/v7e-m/nofp/libc.a(memset.c.o)
                0x0000000008006174                memset
 *(SORT_BY_ALIGNMENT(.TEXT.*))
 .TEXT.__aeabi_read_tp
                0x0000000008006184        0xc zephyr/arch/arch/arm/core/cortex_m/libarch__arm__core__cortex_m.a(__aeabi_read_tp.S.obj)
                0x0000000008006184                __aeabi_read_tp
 *(SORT_BY_ALIGNMENT(.gnu.linkonce.t.*))
 *(SORT_BY_ALIGNMENT(.glue_7t))
 .glue_7t       0x0000000008006190        0x0 linker stubs
 *(SORT_BY_ALIGNMENT(.glue_7))
 .glue_7        0x0000000008006190        0x0 linker stubs
 *(SORT_BY_ALIGNMENT(.vfp11_veneer))
 .vfp11_veneer  0x0000000008006190        0x0 linker stubs
 *(SORT_BY_ALIGNMENT(.v4_bx))
 .v4_bx         0x0000000008006190        0x0 linker stubs
                0x0000000008006190                . = ALIGN (0x4)
                0x0000000008006190                __text_region_end = .

.ARM.exidx      0x0000000008006190        0x8
                0x0000000008006190                __exidx_start = .
 *(SORT_BY_ALIGNMENT(.ARM.exidx*) SORT_BY_ALIGNMENT(gnu.linkonce.armexidx.*))
 .ARM.exidx     0x0000000008006190        0x8 /home/root1/zephyr-sdk-0.16.8/arm-zephyr-eabi/bin/../lib/gcc/arm-zephyr-eabi/12.2.0/thumb/v7e-m/nofp/libgcc.a(_udivmoddi4.o)
 .ARM.exidx     0x0000000008006198        0x0 /home/root1/zephyr-sdk-0.16.8/arm-zephyr-eabi/bin/../lib/gcc/../../picolibc/arm-zephyr-eabi/lib/thumb/v7e-m/nofp/libc.a(strlen.S.o)
                                          0x8 (size before relaxing)
                0x0000000008006198                __exidx_end = .
                0x0000000008006198                __rodata_region_start = .

initlevel       0x0000000008006198       0xa0
                0x0000000008006198                __init_start = .
                0x0000000008006198                __init_EARLY_start = .
 *(SORT_BY_NAME(SORT_BY_ALIGNMENT(.z_init_EARLY?_*)))
 *(SORT_BY_NAME(SORT_BY_ALIGNMENT(.z_init_EARLY??_*)))
                0x0000000008006198                __init_PRE_KERNEL_1_start = .
 *(SORT_BY_NAME(SORT_BY_ALIGNMENT(.z_init_PRE_KERNEL_1?_*)))
 .z_init_PRE_KERNEL_10_0_
                0x0000000008006198        0x8 zephyr/libzephyr.a(soc.c.obj)
 .z_init_PRE_KERNEL_11_00008_
                0x00000000080061a0        0x8 zephyr/drivers/clock_control/libdrivers__clock_control.a(clock_stm32_ll_common.c.obj)
 .z_init_PRE_KERNEL_11_0_
                0x00000000080061a8        0x8 zephyr/libzephyr.a(soc_config.c.obj)
 *(SORT_BY_NAME(SORT_BY_ALIGNMENT(.z_init_PRE_KERNEL_1??_*)))
 .z_init_PRE_KERNEL_130_0_
                0x00000000080061b0        0x8 zephyr/kernel/libkernel.a(kheap.c.obj)
 .z_init_PRE_KERNEL_135_00056_
                0x00000000080061b8        0x8 zephyr/drivers/reset/libdrivers__reset.a(reset_stm32.c.obj)
 .z_init_PRE_KERNEL_140_00030_
                0x00000000080061c0        0x8 zephyr/drivers/gpio/libdrivers__gpio.a(gpio_stm32.c.obj)
 .z_init_PRE_KERNEL_140_00033_
                0x00000000080061c8        0x8 zephyr/drivers/gpio/libdrivers__gpio.a(gpio_stm32.c.obj)
 .z_init_PRE_KERNEL_140_00034_
                0x00000000080061d0        0x8 zephyr/drivers/gpio/libdrivers__gpio.a(gpio_stm32.c.obj)
 .z_init_PRE_KERNEL_140_00053_
                0x00000000080061d8        0x8 zephyr/drivers/interrupt_controller/libdrivers__interrupt_controller.a(intc_exti_stm32.c.obj)
 .z_init_PRE_KERNEL_140_00090_
                0x00000000080061e0        0x8 zephyr/drivers/gpio/libdrivers__gpio.a(gpio_stm32.c.obj)
 .z_init_PRE_KERNEL_140_00091_
                0x00000000080061e8        0x8 zephyr/drivers/gpio/libdrivers__gpio.a(gpio_stm32.c.obj)
 .z_init_PRE_KERNEL_140_00092_
                0x00000000080061f0        0x8 zephyr/drivers/gpio/libdrivers__gpio.a(gpio_stm32.c.obj)
 .z_init_PRE_KERNEL_150_00057_
                0x00000000080061f8        0x8 zephyr/drivers/serial/libdrivers__serial.a(uart_stm32.c.obj)
 .z_init_PRE_KERNEL_150_00061_
                0x0000000008006200        0x8 zephyr/drivers/serial/libdrivers__serial.a(uart_stm32.c.obj)
 .z_init_PRE_KERNEL_150_00065_
                0x0000000008006208        0x8 zephyr/drivers/serial/libdrivers__serial.a(uart_stm32.c.obj)
 .z_init_PRE_KERNEL_160_0_
                0x0000000008006210        0x8 zephyr/drivers/console/libdrivers__console.a(uart_console.c.obj)
                0x0000000008006218                __init_PRE_KERNEL_2_start = .
 *(SORT_BY_NAME(SORT_BY_ALIGNMENT(.z_init_PRE_KERNEL_2?_*)))
 .z_init_PRE_KERNEL_20_0_
                0x0000000008006218        0x8 zephyr/drivers/timer/libdrivers__timer.a(cortex_m_systick.c.obj)
 *(SORT_BY_NAME(SORT_BY_ALIGNMENT(.z_init_PRE_KERNEL_2??_*)))
                0x0000000008006220                __init_POST_KERNEL_start = .
 *(SORT_BY_NAME(SORT_BY_ALIGNMENT(.z_init_POST_KERNEL?_*)))
 .z_init_POST_KERNEL0_0_
                0x0000000008006220        0x8 zephyr/libzephyr.a(log_core.c.obj)
 *(SORT_BY_NAME(SORT_BY_ALIGNMENT(.z_init_POST_KERNEL??_*)))
 .z_init_POST_KERNEL40_0_
                0x0000000008006228        0x8 zephyr/lib/libc/common/liblib__libc__common.a(malloc.c.obj)
 .z_init_POST_KERNEL50_00109_
                0x0000000008006230        0x8 zephyr/drivers/pwm/libdrivers__pwm.a(pwm_stm32.c.obj)
                0x0000000008006238                __init_APPLICATION_start = .
 *(SORT_BY_NAME(SORT_BY_ALIGNMENT(.z_init_APPLICATION?_*)))
 *(SORT_BY_NAME(SORT_BY_ALIGNMENT(.z_init_APPLICATION??_*)))
                0x0000000008006238                __init_SMP_start = .
 *(SORT_BY_NAME(SORT_BY_ALIGNMENT(.z_init_SMP?_*)))
 *(SORT_BY_NAME(SORT_BY_ALIGNMENT(.z_init_SMP??_*)))
                0x0000000008006238                __init_end = .
                0x0000000008006238                __deferred_init_list_start = .
 *(SORT_BY_ALIGNMENT(.z_deferred_init))
                0x0000000008006238                __deferred_init_list_end = .

device_area     0x0000000008006238      0x104
                0x0000000008006238                _device_list_start = .
 *(SORT_BY_NAME(SORT_BY_ALIGNMENT(._device.static.*_?_*)))
 ._device.static.1_1_
                0x0000000008006238       0x14 zephyr/drivers/clock_control/libdrivers__clock_control.a(clock_stm32_ll_common.c.obj)
                0x0000000008006238                __device_dts_ord_8
 *(SORT_BY_NAME(SORT_BY_ALIGNMENT(._device.static.*_??_*)))
 ._device.static.1_35_
                0x000000000800624c       0x14 zephyr/drivers/reset/libdrivers__reset.a(reset_stm32.c.obj)
                0x000000000800624c                __device_dts_ord_56
 ._device.static.1_40_
                0x0000000008006260       0x14 zephyr/drivers/interrupt_controller/libdrivers__interrupt_controller.a(intc_exti_stm32.c.obj)
                0x0000000008006260                __device_dts_ord_53
 ._device.static.1_40_
                0x0000000008006274       0x78 zephyr/drivers/gpio/libdrivers__gpio.a(gpio_stm32.c.obj)
                0x0000000008006274                __device_dts_ord_92
                0x0000000008006288                __device_dts_ord_34
                0x000000000800629c                __device_dts_ord_91
                0x00000000080062b0                __device_dts_ord_33
                0x00000000080062c4                __device_dts_ord_90
                0x00000000080062d8                __device_dts_ord_30
 ._device.static.1_50_
                0x00000000080062ec       0x3c zephyr/drivers/serial/libdrivers__serial.a(uart_stm32.c.obj)
                0x00000000080062ec                __device_dts_ord_61
                0x0000000008006300                __device_dts_ord_57
                0x0000000008006314                __device_dts_ord_65
 ._device.static.3_50_
                0x0000000008006328       0x14 zephyr/drivers/pwm/libdrivers__pwm.a(pwm_stm32.c.obj)
                0x0000000008006328                __device_dts_ord_109
                0x000000000800633c                _device_list_end = .

sw_isr_table    0x000000000800633c      0x290
                0x000000000800633c                . = ALIGN (0x4)
 *(SORT_BY_ALIGNMENT(.gnu.linkonce.sw_isr_table*))
 .gnu.linkonce.sw_isr_table
                0x000000000800633c      0x290 zephyr/arch/common/libisr_tables.a(isr_tables.c.obj)
                0x000000000800633c                _sw_isr_table

initlevel_error
                0x0000000008006198        0x0
 *(SORT_BY_NAME(SORT_BY_ALIGNMENT(.z_init_[_A-Z0-9]*)))
                0x0000000000000001                ASSERT ((SIZEOF (initlevel_error) == 0x0), Undefined initialization levels used.)

app_shmem_regions
                0x00000000080065cc        0x0
                0x00000000080065cc                __app_shmem_regions_start = .
 *(SORT_BY_NAME(SORT_BY_ALIGNMENT(.app_regions.*)))
                0x00000000080065cc                __app_shmem_regions_end = .

k_p4wq_initparam_area
                0x00000000080065cc        0x0
                0x00000000080065cc                _k_p4wq_initparam_list_start = .
 *(SORT_BY_NAME(SORT_BY_ALIGNMENT(._k_p4wq_initparam.static.*)))
                0x00000000080065cc                _k_p4wq_initparam_list_end = .

_static_thread_data_area
                0x00000000080065d0       0x90
                0x00000000080065d0                __static_thread_data_list_start = .
 *(SORT_BY_NAME(SORT_BY_ALIGNMENT(.__static_thread_data.static.*)))
 .__static_thread_data.static._k_thread_data_blink0_id_
                0x00000000080065d0       0x30 app/libapp.a(main.c.obj)
                0x00000000080065d0                _k_thread_data_blink0_id
 .__static_thread_data.static._k_thread_data_blink1_id_
                0x0000000008006600       0x30 app/libapp.a(main.c.obj)
                0x0000000008006600                _k_thread_data_blink1_id
 .__static_thread_data.static._k_thread_data_blink2_id_
                0x0000000008006630       0x30 app/libapp.a(main.c.obj)
                0x0000000008006630                _k_thread_data_blink2_id
                0x0000000008006660                __static_thread_data_list_end = .

device_deps     0x0000000008006660        0x0
                0x0000000008006660                __device_deps_start = .
 *(SORT_BY_NAME(SORT_BY_ALIGNMENT(.__device_deps_pass2*)))
                0x0000000008006660                __device_deps_end = .

ztest           0x0000000008006660        0x0
                0x0000000008006660                _ztest_expected_result_entry_list_start = .
 *(SORT_BY_NAME(SORT_BY_ALIGNMENT(._ztest_expected_result_entry.static.*)))
                0x0000000008006660                _ztest_expected_result_entry_list_end = .
                0x0000000008006660                _ztest_suite_node_list_start = .
 *(SORT_BY_NAME(SORT_BY_ALIGNMENT(._ztest_suite_node.static.*)))
                0x0000000008006660                _ztest_suite_node_list_end = .
                0x0000000008006660                _ztest_unit_test_list_start = .
 *(SORT_BY_NAME(SORT_BY_ALIGNMENT(._ztest_unit_test.static.*)))
                0x0000000008006660                _ztest_unit_test_list_end = .
                0x0000000008006660                _ztest_test_rule_list_start = .
 *(SORT_BY_NAME(SORT_BY_ALIGNMENT(._ztest_test_rule.static.*)))
                0x0000000008006660                _ztest_test_rule_list_end = .

bt_l2cap_fixed_chan_area
                0x0000000008006660        0x0
                0x0000000008006660                _bt_l2cap_fixed_chan_list_start = .
 *(SORT_BY_NAME(SORT_BY_ALIGNMENT(._bt_l2cap_fixed_chan.static.*)))
                0x0000000008006660                _bt_l2cap_fixed_chan_list_end = .

bt_gatt_service_static_area
                0x0000000008006660        0x0
                0x0000000008006660                _bt_gatt_service_static_list_start = .
 *(SORT_BY_NAME(SORT_BY_ALIGNMENT(._bt_gatt_service_static.static.*)))
                0x0000000008006660                _bt_gatt_service_static_list_end = .

log_strings_area
                0x0000000008006660        0x0
                0x0000000008006660                _log_strings_list_start = .
 *(SORT_BY_NAME(SORT_BY_ALIGNMENT(._log_strings.static.*)))
                0x0000000008006660                _log_strings_list_end = .

log_const_area  0x0000000008006660       0x48
                0x0000000008006660                _log_const_list_start = .
 *(SORT_BY_NAME(SORT_BY_ALIGNMENT(._log_const.static.*)))
 ._log_const.static.log_const_cbprintf_package_
                0x0000000008006660        0x8 zephyr/libzephyr.a(cbprintf_packaged.c.obj)
                0x0000000008006660                log_const_cbprintf_package
 ._log_const.static.log_const_log_
                0x0000000008006668        0x8 zephyr/libzephyr.a(log_core.c.obj)
                0x0000000008006668                log_const_log
 ._log_const.static.log_const_log_mgmt_
                0x0000000008006670        0x8 zephyr/libzephyr.a(log_mgmt.c.obj)
                0x0000000008006670                log_const_log_mgmt
 ._log_const.static.log_const_log_uart_
                0x0000000008006678        0x8 zephyr/libzephyr.a(log_backend_uart.c.obj)
                0x0000000008006678                log_const_log_uart
 ._log_const.static.log_const_mpu_
                0x0000000008006680        0x8 zephyr/arch/arch/arm/core/mpu/libarch__arm__core__mpu.a(arm_core_mpu.c.obj)
                0x0000000008006680                log_const_mpu
 ._log_const.static.log_const_os_
                0x0000000008006688        0x8 zephyr/kernel/libkernel.a(init.c.obj)
                0x0000000008006688                log_const_os
 ._log_const.static.log_const_pwm_stm32_
                0x0000000008006690        0x8 zephyr/drivers/pwm/libdrivers__pwm.a(pwm_stm32.c.obj)
                0x0000000008006690                log_const_pwm_stm32
 ._log_const.static.log_const_stm32_
                0x0000000008006698        0x8 zephyr/drivers/gpio/libdrivers__gpio.a(gpio_stm32.c.obj)
                0x0000000008006698                log_const_stm32
 ._log_const.static.log_const_uart_stm32_
                0x00000000080066a0        0x8 zephyr/drivers/serial/libdrivers__serial.a(uart_stm32.c.obj)
                0x00000000080066a0                log_const_uart_stm32
                0x00000000080066a8                _log_const_list_end = .

log_backend_area
                0x00000000080066a8       0x10
                0x00000000080066a8                _log_backend_list_start = .
 *(SORT_BY_NAME(SORT_BY_ALIGNMENT(._log_backend.static.*)))
 ._log_backend.static.log_backend_uart_
                0x00000000080066a8       0x10 zephyr/libzephyr.a(log_backend_uart.c.obj)
                0x00000000080066b8                _log_backend_list_end = .

log_link_area   0x00000000080066b8        0x0
                0x00000000080066b8                _log_link_list_start = .
 *(SORT_BY_NAME(SORT_BY_ALIGNMENT(._log_link.static.*)))
                0x00000000080066b8                _log_link_list_end = .

tracing_backend_area
                0x00000000080066b8        0x0
                0x00000000080066b8                _tracing_backend_list_start = .
 *(SORT_BY_NAME(SORT_BY_ALIGNMENT(._tracing_backend.static.*)))
                0x00000000080066b8                _tracing_backend_list_end = .

zephyr_dbg_info
 *(SORT_BY_ALIGNMENT(.dbg_thread_info))

intc_table_area
                0x00000000080066b8        0x0
                0x00000000080066b8                _intc_table_list_start = .
 *(SORT_BY_NAME(SORT_BY_ALIGNMENT(._intc_table.static.*)))
                0x00000000080066b8                _intc_table_list_end = .

symbol_to_keep  0x00000000080066b8        0x0
                0x00000000080066b8                __symbol_to_keep_start = .
 *(SORT_BY_NAME(SORT_BY_ALIGNMENT(.symbol_to_keep*)))
                0x00000000080066b8                __symbol_to_keep_end = .

shell_area      0x00000000080066b8        0x0
                0x00000000080066b8                _shell_list_start = .
 *(SORT_BY_NAME(SORT_BY_ALIGNMENT(._shell.static.*)))
                0x00000000080066b8                _shell_list_end = .

shell_root_cmds_area
                0x00000000080066b8        0x0
                0x00000000080066b8                _shell_root_cmds_list_start = .
 *(SORT_BY_NAME(SORT_BY_ALIGNMENT(._shell_root_cmds.static.*)))
                0x00000000080066b8                _shell_root_cmds_list_end = .

shell_subcmds_area
                0x00000000080066b8        0x0
                0x00000000080066b8                _shell_subcmds_list_start = .
 *(SORT_BY_NAME(SORT_BY_ALIGNMENT(._shell_subcmds.static.*)))
                0x00000000080066b8                _shell_subcmds_list_end = .

shell_dynamic_subcmds_area
                0x00000000080066b8        0x0
                0x00000000080066b8                _shell_dynamic_subcmds_list_start = .
 *(SORT_BY_NAME(SORT_BY_ALIGNMENT(._shell_dynamic_subcmds.static.*)))
                0x00000000080066b8                _shell_dynamic_subcmds_list_end = .

cfb_font_area   0x00000000080066b8        0x0
                0x00000000080066b8                _cfb_font_list_start = .
 *(SORT_BY_NAME(SORT_BY_ALIGNMENT(._cfb_font.static.*)))
                0x00000000080066b8                _cfb_font_list_end = .

tdata           0x00000000080066b8        0x0
 *(SORT_BY_ALIGNMENT(.tdata) SORT_BY_ALIGNMENT(.tdata.*) SORT_BY_ALIGNMENT(.gnu.linkonce.td.*))

tbss            0x00000000080066b8        0x4
 *(SORT_BY_ALIGNMENT(.tbss) SORT_BY_ALIGNMENT(.tbss.*) SORT_BY_ALIGNMENT(.gnu.linkonce.tb.*) SORT_BY_ALIGNMENT(.tcommon))
 .tbss.z_tls_current
                0x00000000080066b8        0x4 zephyr/libzephyr.a(thread_entry.c.obj)
                0x00000000080066b8                z_tls_current
                0x00000000080066b8                PROVIDE (__tdata_start = LOADADDR (tdata))
                0x0000000000000001                PROVIDE (__tdata_align = ALIGNOF (tdata))
                0x0000000000000000                PROVIDE (__tdata_size = (((SIZEOF (tdata) + __tdata_align) - 0x1) & ~ ((__tdata_align - 0x1))))
                [!provide]                        PROVIDE (__tdata_end = (__tdata_start + __tdata_size))
                0x0000000000000004                PROVIDE (__tbss_align = ALIGNOF (tbss))
                [!provide]                        PROVIDE (__tbss_start = ADDR (tbss))
                0x0000000000000004                PROVIDE (__tbss_size = (((SIZEOF (tbss) + __tbss_align) - 0x1) & ~ ((__tbss_align - 0x1))))
                [!provide]                        PROVIDE (__tbss_end = (__tbss_start + __tbss_size))
                [!provide]                        PROVIDE (__tls_start = __tdata_start)
                [!provide]                        PROVIDE (__tls_end = __tbss_end)
                [!provide]                        PROVIDE (__tls_size = (__tbss_end - __tdata_start))

rodata          0x00000000080066b8     0x1d2c
 *(SORT_BY_ALIGNMENT(.rodata))
 .rodata        0x00000000080066b8        0x8 zephyr/drivers/gpio/libdrivers__gpio.a(gpio_stm32.c.obj)
 *(SORT_BY_ALIGNMENT(.rodata.*))
 .rodata.led2   0x00000000080066c0        0xc app/libapp.a(main.c.obj)
 .rodata.led1   0x00000000080066cc        0xc app/libapp.a(main.c.obj)
 .rodata.led0   0x00000000080066d8        0xc app/libapp.a(main.c.obj)
 .rodata.format_table
                0x00000000080066e4       0x10 zephyr/libzephyr.a(log_core.c.obj)
 .rodata.colors
                0x00000000080066f4       0x14 zephyr/libzephyr.a(log_output.c.obj)
 .rodata.severity
                0x0000000008006708       0x14 zephyr/libzephyr.a(log_output.c.obj)
 .rodata.lbu_cb_ctx
                0x000000000800671c        0x8 zephyr/libzephyr.a(log_backend_uart.c.obj)
 .rodata.lbu_output
                0x0000000008006724       0x10 zephyr/libzephyr.a(log_backend_uart.c.obj)
 .rodata.log_backend_uart_api
                0x0000000008006734       0x1c zephyr/libzephyr.a(log_backend_uart.c.obj)
                0x0000000008006734                log_backend_uart_api
 .rodata.mem_attr_region
                0x0000000008006750        0x0 zephyr/libzephyr.a(mem_attr.c.obj)
 .rodata.static_regions
                0x0000000008006750        0xc zephyr/arch/arch/arm/core/mpu/libarch__arm__core__mpu.a(arm_core_mpu.c.obj)
 .rodata.mpu_config
                0x000000000800675c        0x8 zephyr/arch/arch/arm/core/mpu/libarch__arm__core__mpu.a(arm_mpu_regions.c.obj)
                0x000000000800675c                mpu_config
 .rodata.mpu_regions
                0x0000000008006764       0x18 zephyr/arch/arch/arm/core/mpu/libarch__arm__core__mpu.a(arm_mpu_regions.c.obj)
 .rodata.gpio_stm32_cfg_f
                0x000000000800677c       0x14 zephyr/drivers/gpio/libdrivers__gpio.a(gpio_stm32.c.obj)
 .rodata.gpio_stm32_cfg_e
                0x0000000008006790       0x14 zephyr/drivers/gpio/libdrivers__gpio.a(gpio_stm32.c.obj)
 .rodata.gpio_stm32_cfg_d
                0x00000000080067a4       0x14 zephyr/drivers/gpio/libdrivers__gpio.a(gpio_stm32.c.obj)
 .rodata.gpio_stm32_cfg_c
                0x00000000080067b8       0x14 zephyr/drivers/gpio/libdrivers__gpio.a(gpio_stm32.c.obj)
 .rodata.gpio_stm32_cfg_b
                0x00000000080067cc       0x14 zephyr/drivers/gpio/libdrivers__gpio.a(gpio_stm32.c.obj)
 .rodata.gpio_stm32_cfg_a
                0x00000000080067e0       0x14 zephyr/drivers/gpio/libdrivers__gpio.a(gpio_stm32.c.obj)
 .rodata.gpio_stm32_driver
                0x00000000080067f4       0x24 zephyr/drivers/gpio/libdrivers__gpio.a(gpio_stm32.c.obj)
 .rodata.gpio_ports
                0x0000000008006818       0x40 zephyr/drivers/pinctrl/libdrivers__pinctrl.a(pinctrl_stm32.c.obj)
 .rodata.pwm_stm32_config_0
                0x0000000008006858       0x18 zephyr/drivers/pwm/libdrivers__pwm.a(pwm_stm32.c.obj)
 .rodata.__pinctrl_dev_config__device_dts_ord_109
                0x0000000008006870        0x8 zephyr/drivers/pwm/libdrivers__pwm.a(pwm_stm32.c.obj)
 .rodata.__pinctrl_states__device_dts_ord_109
                0x0000000008006878        0x8 zephyr/drivers/pwm/libdrivers__pwm.a(pwm_stm32.c.obj)
 .rodata.__pinctrl_state_pins_0__device_dts_ord_109
                0x0000000008006880        0x8 zephyr/drivers/pwm/libdrivers__pwm.a(pwm_stm32.c.obj)
 .rodata.pwm_stm32_driver_api
                0x0000000008006888        0x8 zephyr/drivers/pwm/libdrivers__pwm.a(pwm_stm32.c.obj)
 .rodata.set_timer_compare
                0x0000000008006890       0x18 zephyr/drivers/pwm/libdrivers__pwm.a(pwm_stm32.c.obj)
 .rodata.ch2ll_n
                0x00000000080068a8        0xc zephyr/drivers/pwm/libdrivers__pwm.a(pwm_stm32.c.obj)
 .rodata.ch2ll  0x00000000080068b4       0x18 zephyr/drivers/pwm/libdrivers__pwm.a(pwm_stm32.c.obj)
 .rodata.reset_stm32_config
                0x00000000080068cc        0x4 zephyr/drivers/reset/libdrivers__reset.a(reset_stm32.c.obj)
 .rodata.reset_stm32_driver_api
                0x00000000080068d0       0x10 zephyr/drivers/reset/libdrivers__reset.a(reset_stm32.c.obj)
 .rodata.uart_stm32_cfg_2
                0x00000000080068e0       0x24 zephyr/drivers/serial/libdrivers__serial.a(uart_stm32.c.obj)
 .rodata.pclken_2
                0x0000000008006904        0x8 zephyr/drivers/serial/libdrivers__serial.a(uart_stm32.c.obj)
 .rodata.__pinctrl_dev_config__device_dts_ord_61
                0x000000000800690c        0x8 zephyr/drivers/serial/libdrivers__serial.a(uart_stm32.c.obj)
 .rodata.__pinctrl_states__device_dts_ord_61
                0x0000000008006914        0x8 zephyr/drivers/serial/libdrivers__serial.a(uart_stm32.c.obj)
 .rodata.__pinctrl_state_pins_0__device_dts_ord_61
                0x000000000800691c       0x10 zephyr/drivers/serial/libdrivers__serial.a(uart_stm32.c.obj)
 .rodata.uart_stm32_cfg_1
                0x000000000800692c       0x24 zephyr/drivers/serial/libdrivers__serial.a(uart_stm32.c.obj)
 .rodata.pclken_1
                0x0000000008006950        0x8 zephyr/drivers/serial/libdrivers__serial.a(uart_stm32.c.obj)
 .rodata.__pinctrl_dev_config__device_dts_ord_57
                0x0000000008006958        0x8 zephyr/drivers/serial/libdrivers__serial.a(uart_stm32.c.obj)
 .rodata.__pinctrl_states__device_dts_ord_57
                0x0000000008006960        0x8 zephyr/drivers/serial/libdrivers__serial.a(uart_stm32.c.obj)
 .rodata.__pinctrl_state_pins_0__device_dts_ord_57
                0x0000000008006968       0x10 zephyr/drivers/serial/libdrivers__serial.a(uart_stm32.c.obj)
 .rodata.uart_stm32_cfg_0
                0x0000000008006978       0x24 zephyr/drivers/serial/libdrivers__serial.a(uart_stm32.c.obj)
 .rodata.pclken_0
                0x000000000800699c        0x8 zephyr/drivers/serial/libdrivers__serial.a(uart_stm32.c.obj)
 .rodata.__pinctrl_dev_config__device_dts_ord_65
                0x00000000080069a4        0x8 zephyr/drivers/serial/libdrivers__serial.a(uart_stm32.c.obj)
 .rodata.__pinctrl_states__device_dts_ord_65
                0x00000000080069ac        0x8 zephyr/drivers/serial/libdrivers__serial.a(uart_stm32.c.obj)
 .rodata.__pinctrl_state_pins_0__device_dts_ord_65
                0x00000000080069b4       0x10 zephyr/drivers/serial/libdrivers__serial.a(uart_stm32.c.obj)
 .rodata.uart_stm32_driver_api
                0x00000000080069c4       0x14 zephyr/drivers/serial/libdrivers__serial.a(uart_stm32.c.obj)
 .rodata.CSWTCH.15
                0x00000000080069d8       0x14 zephyr/kernel/libkernel.a(fatal.c.obj)
 .rodata.levels.0
                0x00000000080069ec       0x18 zephyr/kernel/libkernel.a(init.c.obj)
 .rodata.CSWTCH.86
                0x0000000008006a04        0x6 zephyr/drivers/serial/libdrivers__serial.a(uart_stm32.c.obj)
 .rodata.blink.str1.1
                0x0000000008006a0a      0x147 app/libapp.a(main.c.obj)
 .rodata.str1.1
                0x0000000008006b51       0x1e app/libapp.a(main.c.obj)
 .rodata.sys_heap_free.str1.1
                0x0000000008006b6f       0xce zephyr/libzephyr.a(heap.c.obj)
                                         0xeb (size before relaxing)
 .rodata.sys_heap_init.str1.1
                0x0000000008006c3d       0xbb zephyr/libzephyr.a(heap.c.obj)
 .rodata.cbvprintf_package.str1.1
                0x0000000008006cf8       0x95 zephyr/libzephyr.a(cbprintf_packaged.c.obj)
                                         0xb4 (size before relaxing)
 .rodata.str1.1
                0x0000000008006d8d       0x11 zephyr/libzephyr.a(cbprintf_packaged.c.obj)
 .rodata.z_log_init.isra.0.str1.1
                0x0000000008006d9e       0x9d zephyr/libzephyr.a(log_core.c.obj)
                                         0xba (size before relaxing)
 .rodata.str1.1
                0x0000000008006e3b        0x4 zephyr/libzephyr.a(log_core.c.obj)
 .rodata.get_link_domain.str1.1
                0x0000000008006e3f       0x48 zephyr/libzephyr.a(log_mgmt.c.obj)
                                         0x84 (size before relaxing)
 .rodata.log_backend_id_get.part.0.str1.1
                0x0000000008006e87       0x4f zephyr/libzephyr.a(log_mgmt.c.obj)
 .rodata.str1.1
                0x0000000008006ed6        0x9 zephyr/libzephyr.a(log_mgmt.c.obj)
 .rodata.z_log_msg_runtime_vcreate.str1.1
                0x0000000008006edf       0x36 zephyr/libzephyr.a(log_msg.c.obj)
                                         0x53 (size before relaxing)
 .rodata.newline_print.str1.1
                0x0000000008006f15        0x3 zephyr/libzephyr.a(log_output.c.obj)
                                          0x5 (size before relaxing)
 .rodata.log_output_process.str1.1
                0x0000000008006f18       0x93 zephyr/libzephyr.a(log_output.c.obj)
                                         0xb2 (size before relaxing)
 .rodata.str1.1
                0x0000000008006fab       0x20 zephyr/libzephyr.a(log_output.c.obj)
 .rodata.log_backend_uart_init.str1.1
                0x0000000008006fcb       0x58 zephyr/libzephyr.a(log_backend_uart.c.obj)
                                         0x75 (size before relaxing)
 .rodata.str1.1
                0x0000000008007023       0x1a zephyr/libzephyr.a(log_backend_uart.c.obj)
 .rodata.z_arm_fatal_error.str1.1
                0x000000000800703d       0xae zephyr/arch/arch/arm/core/libarch__arm__core.a(fatal.c.obj)
 .rodata.bus_fault.constprop.0.str1.1
                0x00000000080070eb       0xca zephyr/arch/arch/arm/core/cortex_m/libarch__arm__core__cortex_m.a(fault.c.obj)
 .rodata.usage_fault.constprop.0.str1.1
                0x00000000080071b5       0xcd zephyr/arch/arch/arm/core/cortex_m/libarch__arm__core__cortex_m.a(fault.c.obj)
 .rodata.mem_manage_fault.str1.1
                0x0000000008007282      0x135 zephyr/arch/arch/arm/core/cortex_m/libarch__arm__core__cortex_m.a(fault.c.obj)
                                        0x152 (size before relaxing)
 .rodata.z_arm_fault.str1.1
                0x00000000080073b7      0x1b6 zephyr/arch/arch/arm/core/cortex_m/libarch__arm__core__cortex_m.a(fault.c.obj)
                                        0x1b8 (size before relaxing)
 .rodata.z_arm_irq_priority_set.str1.1
                0x000000000800756d       0x92 zephyr/arch/arch/arm/core/cortex_m/libarch__arm__core__cortex_m.a(irq_manage.c.obj)
                                         0xaf (size before relaxing)
 .rodata.str1.1
                0x00000000080075ff        0x4 zephyr/arch/arch/arm/core/mpu/libarch__arm__core__mpu.a(arm_core_mpu.c.obj)
 .rodata.region_allocate_and_init.str1.1
                0x0000000008007603       0x26 zephyr/arch/arch/arm/core/mpu/libarch__arm__core__mpu.a(arm_mpu.c.obj)
 .rodata.mpu_configure_regions.str1.1
                0x0000000008007629       0x23 zephyr/arch/arch/arm/core/mpu/libarch__arm__core__mpu.a(arm_mpu.c.obj)
 .rodata.arm_core_mpu_configure_static_mpu_regions.str1.1
                0x000000000800764c       0x5b zephyr/arch/arch/arm/core/mpu/libarch__arm__core__mpu.a(arm_mpu.c.obj)
                                         0x7a (size before relaxing)
 .rodata.arm_core_mpu_configure_dynamic_mpu_regions.str1.1
                0x00000000080076a7       0x2d zephyr/arch/arch/arm/core/mpu/libarch__arm__core__mpu.a(arm_mpu.c.obj)
 .rodata.z_arm_mpu_init.str1.1
                0x00000000080076d4      0x124 zephyr/arch/arch/arm/core/mpu/libarch__arm__core__mpu.a(arm_mpu.c.obj)
 .rodata.str1.1
                0x00000000080077f8        0xf zephyr/arch/arch/arm/core/mpu/libarch__arm__core__mpu.a(arm_mpu_regions.c.obj)
 .rodata.line_range_6.0
                0x0000000008007807        0x2 zephyr/drivers/interrupt_controller/libdrivers__interrupt_controller.a(intc_exti_stm32.c.obj)
 .rodata.line_range_5.1
                0x0000000008007809        0x2 zephyr/drivers/interrupt_controller/libdrivers__interrupt_controller.a(intc_exti_stm32.c.obj)
 .rodata.line_range_4.2
                0x000000000800780b        0x2 zephyr/drivers/interrupt_controller/libdrivers__interrupt_controller.a(intc_exti_stm32.c.obj)
 .rodata.line_range_3.3
                0x000000000800780d        0x2 zephyr/drivers/interrupt_controller/libdrivers__interrupt_controller.a(intc_exti_stm32.c.obj)
 .rodata.line_range_2.4
                0x000000000800780f        0x2 zephyr/drivers/interrupt_controller/libdrivers__interrupt_controller.a(intc_exti_stm32.c.obj)
 .rodata.line_range_1.5
                0x0000000008007811        0x2 zephyr/drivers/interrupt_controller/libdrivers__interrupt_controller.a(intc_exti_stm32.c.obj)
 .rodata.line_range_0.6
                0x0000000008007813        0x2 zephyr/drivers/interrupt_controller/libdrivers__interrupt_controller.a(intc_exti_stm32.c.obj)
 .rodata.str1.1
                0x0000000008007815       0x1e zephyr/drivers/interrupt_controller/libdrivers__interrupt_controller.a(intc_exti_stm32.c.obj)
 .rodata.str1.1
                0x0000000008007833        0xd zephyr/drivers/clock_control/libdrivers__clock_control.a(clock_stm32_ll_common.c.obj)
 .rodata.gpio_stm32_manage_callback.str1.1
                0x0000000008007840       0x7d zephyr/drivers/gpio/libdrivers__gpio.a(gpio_stm32.c.obj)
                                         0x9a (size before relaxing)
 .rodata.gpio_stm32_isr.str1.1
                0x00000000080078bd        0xc zephyr/drivers/gpio/libdrivers__gpio.a(gpio_stm32.c.obj)
 .rodata.str1.1
                0x00000000080078c9       0x54 zephyr/drivers/gpio/libdrivers__gpio.a(gpio_stm32.c.obj)
                                         0x5a (size before relaxing)
 .rodata.pinctrl_configure_pins.str1.1
                0x000000000800791d       0x4b zephyr/drivers/pinctrl/libdrivers__pinctrl.a(pinctrl_stm32.c.obj)
                                         0x68 (size before relaxing)
 .rodata.pwm_stm32_set_cycles.str1.1
                0x0000000008007968       0x66 zephyr/drivers/pwm/libdrivers__pwm.a(pwm_stm32.c.obj)
 .rodata.pwm_stm32_init.str1.1
                0x00000000080079ce       0x9a zephyr/drivers/pwm/libdrivers__pwm.a(pwm_stm32.c.obj)
 .rodata.str1.1
                0x0000000008007a68        0xe zephyr/drivers/pwm/libdrivers__pwm.a(pwm_stm32.c.obj)
 .rodata.SHIFT_TAB_CCxP
                0x0000000008007a76        0x9 zephyr/drivers/pwm/libdrivers__pwm.a(pwm_stm32.c.obj)
 .rodata.SHIFT_TAB_OCxx
                0x0000000008007a7f        0x9 zephyr/drivers/pwm/libdrivers__pwm.a(pwm_stm32.c.obj)
 .rodata.OFFSET_TAB_CCMRx
                0x0000000008007a88        0x9 zephyr/drivers/pwm/libdrivers__pwm.a(pwm_stm32.c.obj)
 .rodata.str1.1
                0x0000000008007a91       0x11 zephyr/drivers/reset/libdrivers__reset.a(reset_stm32.c.obj)
 .rodata.uart_stm32_set_baudrate.str1.1
                0x0000000008007aa2       0x86 zephyr/drivers/serial/libdrivers__serial.a(uart_stm32.c.obj)
                                         0xa3 (size before relaxing)
 .rodata.uart_stm32_init.str1.1
                0x0000000008007b28       0x5d zephyr/drivers/serial/libdrivers__serial.a(uart_stm32.c.obj)
                                         0x7c (size before relaxing)
 .rodata.str1.1
                0x0000000008007b85       0x3b zephyr/drivers/serial/libdrivers__serial.a(uart_stm32.c.obj)
 .rodata.sys_clock_set_timeout.str1.1
                0x0000000008007bc0       0x84 zephyr/drivers/timer/libdrivers__timer.a(cortex_m_systick.c.obj)
                                         0xa1 (size before relaxing)
 .rodata.AHBPrescTable
                0x0000000008007c44       0x10 modules/stm32/stm32cube/lib..__modules__hal__stm32__stm32cube.a(system_stm32f3xx.c.obj)
                0x0000000008007c44                AHBPrescTable
 .rodata.aPredivFactorTable
                0x0000000008007c54       0x10 modules/stm32/stm32cube/lib..__modules__hal__stm32__stm32cube.a(stm32f3xx_hal_rcc.c.obj)
 .rodata.aPLLMULFactorTable
                0x0000000008007c64       0x10 modules/stm32/stm32cube/lib..__modules__hal__stm32__stm32cube.a(stm32f3xx_hal_rcc.c.obj)
 .rodata.z_device_state_init.str1.1
                0x0000000008007c74       0x3b zephyr/kernel/libkernel.a(device.c.obj)
                                         0x77 (size before relaxing)
 .rodata.k_sys_fatal_error_handler.str1.1
                0x0000000008007caf        0xf zephyr/kernel/libkernel.a(fatal.c.obj)
 .rodata.z_fatal_error.str1.1
                0x0000000008007cbe       0xeb zephyr/kernel/libkernel.a(fatal.c.obj)
                                        0x108 (size before relaxing)
 .rodata.str1.1
                0x0000000008007da9       0x4a zephyr/kernel/libkernel.a(fatal.c.obj)
 .rodata.bg_thread_main.str1.1
                0x0000000008007df3       0x4e zephyr/kernel/libkernel.a(init.c.obj)
                                         0x8a (size before relaxing)
 .rodata.z_cstart.str1.1
                0x0000000008007e41        0x5 zephyr/kernel/libkernel.a(init.c.obj)
 .rodata.str1.1
                0x0000000008007e46        0x3 zephyr/kernel/libkernel.a(init.c.obj)
 .rodata.idle.str1.1
                0x0000000008007e49       0x49 zephyr/kernel/libkernel.a(idle.c.obj)
                                         0x66 (size before relaxing)
 .rodata.z_setup_new_thread.str1.1
                0x0000000008007e92       0xd4 zephyr/kernel/libkernel.a(thread.c.obj)
                                         0xf1 (size before relaxing)
 .rodata.update_cache.str1.1
                0x0000000008007f66       0x56 zephyr/kernel/libkernel.a(sched.c.obj)
                                         0x73 (size before relaxing)
 .rodata.unready_thread.str1.1
                0x0000000008007fbc       0x43 zephyr/kernel/libkernel.a(sched.c.obj)
 .rodata.unpend_thread_no_timeout.str1.1
                0x0000000008007fff       0x17 zephyr/kernel/libkernel.a(sched.c.obj)
 .rodata.z_thread_halt.str1.1
                0x0000000008008016       0x2d zephyr/kernel/libkernel.a(sched.c.obj)
                                         0x86 (size before relaxing)
 .rodata.z_ready_thread.str1.1
                0x0000000008008043       0x2b zephyr/kernel/libkernel.a(sched.c.obj)
 .rodata.k_sched_lock.str1.1
                0x0000000008008043       0x6e zephyr/kernel/libkernel.a(sched.c.obj)
 .rodata.k_sched_unlock.str1.1
                0x00000000080080b1       0x31 zephyr/kernel/libkernel.a(sched.c.obj)
 .rodata.z_tick_sleep.str1.1
                0x00000000080080e2       0x40 zephyr/kernel/libkernel.a(sched.c.obj)
 .rodata.z_thread_abort.str1.1
                0x0000000008008122       0x1f zephyr/kernel/libkernel.a(sched.c.obj)
                                         0x21 (size before relaxing)
 .rodata.slice_timeout.str1.1
                0x0000000008008141      0x1d9 zephyr/kernel/libkernel.a(timeslicing.c.obj)
                                        0x1f6 (size before relaxing)
 .rodata.k_sched_time_slice_set.str1.1
                0x000000000800831a       0x84 zephyr/kernel/libkernel.a(timeslicing.c.obj)
 .rodata.z_add_timeout.str1.1
                0x000000000800831a       0x44 zephyr/kernel/libkernel.a(timeout.c.obj)
                                         0xe8 (size before relaxing)
 .rodata.boot_banner.str1.1
                0x000000000800835e       0x3b zephyr/kernel/libkernel.a(banner.c.obj)
 .rodata.statics_init.str1.1
                0x0000000008008399       0x3b zephyr/kernel/libkernel.a(kheap.c.obj)
                                         0x77 (size before relaxing)
 .rodata.__l_vfprintf.str1.1
                0x00000000080083d4        0xf /home/root1/zephyr-sdk-0.16.8/arm-zephyr-eabi/bin/../lib/gcc/../../picolibc/arm-zephyr-eabi/lib/thumb/v7e-m/nofp/libc.a(libc_tinystdio_vflprintf.c.o)
 *(SORT_BY_ALIGNMENT(.gnu.linkonce.r.*))
                0x00000000080083e4                . = ALIGN (0x4)
 *fill*         0x00000000080083e3        0x1 
                0x00000000080083e4                __rodata_region_end = .
                0x0000000008008400                . = ALIGN (_region_min_align)
                0x0000000008010000                . = ALIGN ((0x1 << LOG2CEIL ((__rodata_region_end - ADDR (rom_start)))))
                0x0000000008010000                __rom_region_end = ((__rom_region_start + .) - ADDR (rom_start))

/DISCARD/
 *(SORT_BY_ALIGNMENT(.got.plt))
 *(SORT_BY_ALIGNMENT(.igot.plt))
 *(SORT_BY_ALIGNMENT(.got))
 *(SORT_BY_ALIGNMENT(.igot))
                0x0000000020000000                . = 0x20000000
                0x0000000020000000                . = ALIGN (_region_min_align)
                0x0000000020000000                _image_ram_start = .

.ramfunc        0x0000000020000000        0x0 load address 0x00000000080083e4
                0x0000000020000000                . = ALIGN (_region_min_align)
                0x0000000020000000                . = ALIGN ((0x1 << LOG2CEIL (__ramfunc_size)))
                0x0000000020000000                __ramfunc_start = .
 *(SORT_BY_ALIGNMENT(.ramfunc))
 *(SORT_BY_ALIGNMENT(.ramfunc.*))
                0x0000000020000000                . = ALIGN (_region_min_align)
                0x0000000020000000                . = ALIGN ((0x1 << LOG2CEIL (__ramfunc_size)))
                0x0000000020000000                __ramfunc_end = .
                0x0000000000000000                __ramfunc_size = (__ramfunc_end - __ramfunc_start)
                0x00000000080083e4                __ramfunc_load_start = LOADADDR (.ramfunc)

datas           0x0000000020000000       0x98 load address 0x00000000080083e4
                0x0000000020000000                __data_region_start = .
                0x0000000020000000                __data_start = .
 *(SORT_BY_ALIGNMENT(.data))
 *(SORT_BY_ALIGNMENT(.data.*))
 .data._char_out
                0x0000000020000000        0x4 zephyr/libzephyr.a(printk.c.obj)
                0x0000000020000000                _char_out
 .data.timestamp_func
                0x0000000020000004        0x4 zephyr/libzephyr.a(log_core.c.obj)
 .data.backend_cb_log_backend_uart
                0x0000000020000008        0x8 zephyr/libzephyr.a(log_backend_uart.c.obj)
 .data.handler  0x0000000020000010        0x4 zephyr/arch/arch/arm/core/libarch__arm__core.a(nmi.c.obj)
 .data.__stdout
                0x0000000020000014       0x10 zephyr/lib/libc/picolibc/liblib__libc__picolibc.a(libc-hooks.c.obj)
 .data.stm32_clock_control_api
                0x0000000020000024       0x1c zephyr/drivers/clock_control/libdrivers__clock_control.a(clock_stm32_ll_common.c.obj)
 .data.pwm_stm32_data_0
                0x0000000020000040        0xc zephyr/drivers/pwm/libdrivers__pwm.a(pwm_stm32.c.obj)
 .data.uart_stm32_data_2
                0x000000002000004c        0x8 zephyr/drivers/serial/libdrivers__serial.a(uart_stm32.c.obj)
 .data.uart_cfg_2
                0x0000000020000054        0x8 zephyr/drivers/serial/libdrivers__serial.a(uart_stm32.c.obj)
 .data.uart_stm32_data_1
                0x000000002000005c        0x8 zephyr/drivers/serial/libdrivers__serial.a(uart_stm32.c.obj)
 .data.uart_cfg_1
                0x0000000020000064        0x8 zephyr/drivers/serial/libdrivers__serial.a(uart_stm32.c.obj)
 .data.uart_stm32_data_0
                0x000000002000006c        0x8 zephyr/drivers/serial/libdrivers__serial.a(uart_stm32.c.obj)
 .data.uart_cfg_0
                0x0000000020000074        0x8 zephyr/drivers/serial/libdrivers__serial.a(uart_stm32.c.obj)
 .data.SystemCoreClock
                0x000000002000007c        0x4 modules/stm32/stm32cube/lib..__modules__hal__stm32__stm32cube.a(system_stm32f3xx.c.obj)
                0x000000002000007c                SystemCoreClock
 .data.timeout_list
                0x0000000020000080        0x8 zephyr/kernel/libkernel.a(timeout.c.obj)
 .data.exti_irq_table
                0x0000000020000088       0x10 zephyr/drivers/interrupt_controller/libdrivers__interrupt_controller.a(intc_exti_stm32.c.obj)
 *(SORT_BY_ALIGNMENT(.kernel.*))
                0x0000000020000098                __data_end = .
                0x0000000000000098                __data_size = (__data_end - __data_start)
                0x00000000080083e4                __data_load_start = LOADADDR (datas)
                0x00000000080083e4                __data_region_load_start = LOADADDR (datas)

device_states   0x0000000020000098       0x1a load address 0x000000000800847c
                0x0000000020000098                __device_states_start = .
 *(SORT_BY_ALIGNMENT(.z_devstate))
 .z_devstate    0x0000000020000098        0x2 zephyr/drivers/interrupt_controller/libdrivers__interrupt_controller.a(intc_exti_stm32.c.obj)
 .z_devstate    0x000000002000009a        0x2 zephyr/drivers/clock_control/libdrivers__clock_control.a(clock_stm32_ll_common.c.obj)
 .z_devstate    0x000000002000009c        0xc zephyr/drivers/gpio/libdrivers__gpio.a(gpio_stm32.c.obj)
 .z_devstate    0x00000000200000a8        0x2 zephyr/drivers/pwm/libdrivers__pwm.a(pwm_stm32.c.obj)
 .z_devstate    0x00000000200000aa        0x2 zephyr/drivers/reset/libdrivers__reset.a(reset_stm32.c.obj)
 .z_devstate    0x00000000200000ac        0x6 zephyr/drivers/serial/libdrivers__serial.a(uart_stm32.c.obj)
 *(SORT_BY_ALIGNMENT(.z_devstate.*))
                0x00000000200000b2                __device_states_end = .

log_mpsc_pbuf_area
                0x00000000200000b2        0x0 load address 0x0000000008008496
                0x00000000200000b2                _log_mpsc_pbuf_list_start = .
 *(SORT_BY_NAME(SORT_BY_ALIGNMENT(._log_mpsc_pbuf.static.*)))
                0x00000000200000b2                _log_mpsc_pbuf_list_end = .

log_msg_ptr_area
                0x00000000200000b4        0x4 load address 0x0000000008008498
                0x00000000200000b4                _log_msg_ptr_list_start = .
 *(SORT_BY_NAME(SORT_BY_ALIGNMENT(._log_msg_ptr.static.*)))
 ._log_msg_ptr.static.log_msg_ptr_
                0x00000000200000b4        0x4 zephyr/libzephyr.a(log_core.c.obj)
                0x00000000200000b8                _log_msg_ptr_list_end = .

log_dynamic_area
                0x00000000200000b8        0x0 load address 0x000000000800849c
                0x00000000200000b8                _log_dynamic_list_start = .
 *(SORT_BY_NAME(SORT_BY_ALIGNMENT(._log_dynamic.static.*)))
                0x00000000200000b8                _log_dynamic_list_end = .

k_timer_area    0x00000000200000b8        0x0 load address 0x000000000800849c
                0x00000000200000b8                _k_timer_list_start = .
 *(SORT_BY_NAME(SORT_BY_ALIGNMENT(._k_timer.static.*)))
                0x00000000200000b8                _k_timer_list_end = .

k_mem_slab_area
                0x00000000200000b8        0x0 load address 0x000000000800849c
                0x00000000200000b8                _k_mem_slab_list_start = .
 *(SORT_BY_NAME(SORT_BY_ALIGNMENT(._k_mem_slab.static.*)))
                0x00000000200000b8                _k_mem_slab_list_end = .

k_heap_area     0x00000000200000b8       0x18 load address 0x000000000800849c
                0x00000000200000b8                _k_heap_list_start = .
 *(SORT_BY_NAME(SORT_BY_ALIGNMENT(._k_heap.static.*)))
 ._k_heap.static._system_heap_
                0x00000000200000b8       0x18 zephyr/kernel/libkernel.a(mempool.c.obj)
                0x00000000200000b8                _system_heap
                0x00000000200000d0                _k_heap_list_end = .

k_mutex_area    0x00000000200000d0        0x0 load address 0x00000000080084b4
                0x00000000200000d0                _k_mutex_list_start = .
 *(SORT_BY_NAME(SORT_BY_ALIGNMENT(._k_mutex.static.*)))
                0x00000000200000d0                _k_mutex_list_end = .

k_stack_area    0x00000000200000d0        0x0 load address 0x00000000080084b4
                0x00000000200000d0                _k_stack_list_start = .
 *(SORT_BY_NAME(SORT_BY_ALIGNMENT(._k_stack.static.*)))
                0x00000000200000d0                _k_stack_list_end = .

k_msgq_area     0x00000000200000d0        0x0 load address 0x00000000080084b4
                0x00000000200000d0                _k_msgq_list_start = .
 *(SORT_BY_NAME(SORT_BY_ALIGNMENT(._k_msgq.static.*)))
                0x00000000200000d0                _k_msgq_list_end = .

k_mbox_area     0x00000000200000d0        0x0 load address 0x00000000080084b4
                0x00000000200000d0                _k_mbox_list_start = .
 *(SORT_BY_NAME(SORT_BY_ALIGNMENT(._k_mbox.static.*)))
                0x00000000200000d0                _k_mbox_list_end = .

k_pipe_area     0x00000000200000d0        0x0 load address 0x00000000080084b4
                0x00000000200000d0                _k_pipe_list_start = .
 *(SORT_BY_NAME(SORT_BY_ALIGNMENT(._k_pipe.static.*)))
                0x00000000200000d0                _k_pipe_list_end = .

k_sem_area      0x00000000200000d0        0x0 load address 0x00000000080084b4
                0x00000000200000d0                _k_sem_list_start = .
 *(SORT_BY_NAME(SORT_BY_ALIGNMENT(._k_sem.static.*)))
                0x00000000200000d0                _k_sem_list_end = .

k_event_area    0x00000000200000d0        0x0 load address 0x00000000080084b4
                0x00000000200000d0                _k_event_list_start = .
 *(SORT_BY_NAME(SORT_BY_ALIGNMENT(._k_event.static.*)))
                0x00000000200000d0                _k_event_list_end = .

k_queue_area    0x00000000200000d0        0x0 load address 0x00000000080084b4
                0x00000000200000d0                _k_queue_list_start = .
 *(SORT_BY_NAME(SORT_BY_ALIGNMENT(._k_queue.static.*)))
                0x00000000200000d0                _k_queue_list_end = .

k_fifo_area     0x00000000200000d0        0x0 load address 0x00000000080084b4
                0x00000000200000d0                _k_fifo_list_start = .
 *(SORT_BY_NAME(SORT_BY_ALIGNMENT(._k_fifo.static.*)))
                0x00000000200000d0                _k_fifo_list_end = .

k_lifo_area     0x00000000200000d0        0x0 load address 0x00000000080084b4
                0x00000000200000d0                _k_lifo_list_start = .
 *(SORT_BY_NAME(SORT_BY_ALIGNMENT(._k_lifo.static.*)))